Archive member included to satisfy reference by file (symbol)

c:/apps/atollic/truestudio for arm 5.5.1/armtools/bin/../lib/gcc/arm-atollic-eabi/5.3.1/../../../../arm-atollic-eabi/lib/armv7e-m/softfp\libc_nano.a(lib_a-init.o)
                              src\startup.o (__libc_init_array)
c:/apps/atollic/truestudio for arm 5.5.1/armtools/bin/../lib/gcc/arm-atollic-eabi/5.3.1/../../../../arm-atollic-eabi/lib/armv7e-m/softfp\libc_nano.a(lib_a-reent.o)
                              src\syscalls.o (errno)
c:/apps/atollic/truestudio for arm 5.5.1/armtools/bin/../lib/gcc/arm-atollic-eabi/5.3.1/../../../../arm-atollic-eabi/lib/armv7e-m/softfp\libc_nano.a(lib_a-strlen.o)
                              src\tiny_printf.o (strlen)
c:/apps/atollic/truestudio for arm 5.5.1/armtools/bin/../lib/gcc/arm-atollic-eabi/5.3.1/../../../../arm-atollic-eabi/lib/armv7e-m/softfp\libc_nano.a(lib_a-impure.o)
                              c:/apps/atollic/truestudio for arm 5.5.1/armtools/bin/../lib/gcc/arm-atollic-eabi/5.3.1/../../../../arm-atollic-eabi/lib/armv7e-m/softfp\libc_nano.a(lib_a-reent.o) (_impure_ptr)
c:/apps/atollic/truestudio for arm 5.5.1/armtools/bin/../lib/gcc/arm-atollic-eabi/5.3.1/../../../../arm-atollic-eabi/lib/armv7e-m/softfp\libc_nano.a(lib_a-nano-freer.o)
                              c:/apps/atollic/truestudio for arm 5.5.1/armtools/bin/../lib/gcc/arm-atollic-eabi/5.3.1/../../../../arm-atollic-eabi/lib/armv7e-m/softfp\libc_nano.a(lib_a-reent.o) (_free_r)
c:/apps/atollic/truestudio for arm 5.5.1/armtools/bin/../lib/gcc/arm-atollic-eabi/5.3.1/../../../../arm-atollic-eabi/lib/armv7e-m/softfp\libc_nano.a(lib_a-nano-mallocr.o)
                              c:/apps/atollic/truestudio for arm 5.5.1/armtools/bin/../lib/gcc/arm-atollic-eabi/5.3.1/../../../../arm-atollic-eabi/lib/armv7e-m/softfp\libc_nano.a(lib_a-nano-freer.o) (__malloc_free_list)
c:/apps/atollic/truestudio for arm 5.5.1/armtools/bin/../lib/gcc/arm-atollic-eabi/5.3.1/../../../../arm-atollic-eabi/lib/armv7e-m/softfp\libc_nano.a(lib_a-sbrkr.o)
                              c:/apps/atollic/truestudio for arm 5.5.1/armtools/bin/../lib/gcc/arm-atollic-eabi/5.3.1/../../../../arm-atollic-eabi/lib/armv7e-m/softfp\libc_nano.a(lib_a-nano-mallocr.o) (_sbrk_r)
c:/apps/atollic/truestudio for arm 5.5.1/armtools/bin/../lib/gcc/arm-atollic-eabi/5.3.1/../../../../arm-atollic-eabi/lib/armv7e-m/softfp\libc_nano.a(lib_a-mlock.o)
                              c:/apps/atollic/truestudio for arm 5.5.1/armtools/bin/../lib/gcc/arm-atollic-eabi/5.3.1/../../../../arm-atollic-eabi/lib/armv7e-m/softfp\libc_nano.a(lib_a-nano-freer.o) (__malloc_lock)
..\Libraries\libBSP.a(can.o)  src\stm32f4xx_it.o (CARME_CAN_Interrupt_Handler)
..\Libraries\libBSP.a(carme.o)
                              src\startup.o (CARME_Init)
..\Libraries\libBSP.a(system_stm32f4xx.o)
                              src\startup.o (SystemInit)
..\Libraries\libBSP.a(misc.o)
                              ..\Libraries\libBSP.a(can.o) (NVIC_Init)
..\Libraries\libBSP.a(stm32f4xx_exti.o)
                              ..\Libraries\libBSP.a(can.o) (EXTI_Init)
..\Libraries\libBSP.a(stm32f4xx_fsmc.o)
                              ..\Libraries\libBSP.a(carme.o) (FSMC_NORSRAMDeInit)
..\Libraries\libBSP.a(stm32f4xx_gpio.o)
                              ..\Libraries\libBSP.a(carme.o) (GPIO_DeInit)
..\Libraries\libBSP.a(stm32f4xx_rcc.o)
                              ..\Libraries\libBSP.a(carme.o) (RCC_AHB1PeriphClockCmd)
..\Libraries\libBSP.a(stm32f4xx_syscfg.o)
                              ..\Libraries\libBSP.a(can.o) (SYSCFG_EXTILineConfig)
..\Libraries\libBSP.a(stm32f4xx_tim.o)
                              src\delay.o (TIM_TimeBaseInit)
..\Libraries\libBSP.a(stm32f4xx_usart.o)
                              src\syscalls.o (USART_SendData)
c:/apps/atollic/truestudio for arm 5.5.1/armtools/bin/../lib/gcc/arm-atollic-eabi/5.3.1/../../../../arm-atollic-eabi/lib/armv7e-m/softfp\libc.a(lib_a-memcpy-stub.o)
                              ..\Libraries\libBSP.a(carme.o) (memcpy)
c:/apps/atollic/truestudio for arm 5.5.1/armtools/bin/../lib/gcc/arm-atollic-eabi/5.3.1/../../../../arm-atollic-eabi/lib/armv7e-m/softfp\libc.a(lib_a-memset.o)
                              ..\Libraries\libBSP.a(can.o) (memset)

Allocating common symbols
Common symbol       size              file

errno               0x4               c:/apps/atollic/truestudio for arm 5.5.1/armtools/bin/../lib/gcc/arm-atollic-eabi/5.3.1/../../../../arm-atollic-eabi/lib/armv7e-m/softfp\libc_nano.a(lib_a-reent.o)

Discarded input sections

 .text          0x00000000        0x0 c:/apps/atollic/truestudio for arm 5.5.1/armtools/bin/../lib/gcc/arm-atollic-eabi/5.3.1/armv7e-m/softfp/crti.o
 .data          0x00000000        0x0 c:/apps/atollic/truestudio for arm 5.5.1/armtools/bin/../lib/gcc/arm-atollic-eabi/5.3.1/armv7e-m/softfp/crti.o
 .bss           0x00000000        0x0 c:/apps/atollic/truestudio for arm 5.5.1/armtools/bin/../lib/gcc/arm-atollic-eabi/5.3.1/armv7e-m/softfp/crti.o
[...]
Memory Configuration

Name             Origin             Length             Attributes
FLASH            0x08000000         0x00100000         xr
RAM              0x20000000         0x00020000         xrw
MEMORY_B1        0x60000000         0x00000000         xr
CCMRAM           0x10000000         0x00010000         rw
*default*        0x00000000         0xffffffff

Linker script and memory map

LOAD c:/apps/atollic/truestudio for arm 5.5.1/armtools/bin/../lib/gcc/arm-atollic-eabi/5.3.1/armv7e-m/softfp/crti.o
LOAD c:/apps/atollic/truestudio for arm 5.5.1/armtools/bin/../lib/gcc/arm-atollic-eabi/5.3.1/armv7e-m/softfp/crtbegin.o
LOAD src\tiny_printf.o
LOAD src\syscalls.o
LOAD src\stm32f4xx_it.o
LOAD src\startup.o
LOAD src\main.o
LOAD src\delay.o
START GROUP
LOAD c:/apps/atollic/truestudio for arm 5.5.1/armtools/bin/../lib/gcc/arm-atollic-eabi/5.3.1/../../../../arm-atollic-eabi/lib/armv7e-m/softfp\libc_nano.a
LOAD c:/apps/atollic/truestudio for arm 5.5.1/armtools/bin/../lib/gcc/arm-atollic-eabi/5.3.1/../../../../arm-atollic-eabi/lib/armv7e-m/softfp\libm.a
END GROUP
                0x00000080                malloc_getpagesize_P = 0x80
START GROUP
LOAD c:/apps/atollic/truestudio for arm 5.5.1/armtools/bin/../lib/gcc/arm-atollic-eabi/5.3.1/armv7e-m/softfp\libgcc.a
LOAD c:/apps/atollic/truestudio for arm 5.5.1/armtools/bin/../lib/gcc/arm-atollic-eabi/5.3.1/../../../../arm-atollic-eabi/lib/armv7e-m/softfp\libc_nano.a
END GROUP
START GROUP
LOAD c:/apps/atollic/truestudio for arm 5.5.1/armtools/bin/../lib/gcc/arm-atollic-eabi/5.3.1/armv7e-m/softfp\libgcc.a
LOAD c:/apps/atollic/truestudio for arm 5.5.1/armtools/bin/../lib/gcc/arm-atollic-eabi/5.3.1/../../../../arm-atollic-eabi/lib/armv7e-m/softfp\libc_nano.a
LOAD c:/apps/atollic/truestudio for arm 5.5.1/armtools/bin/../lib/gcc/arm-atollic-eabi/5.3.1/../../../../arm-atollic-eabi/lib/armv7e-m/softfp\libnosys.a
END GROUP
START GROUP
LOAD c:/apps/atollic/truestudio for arm 5.5.1/armtools/bin/../lib/gcc/arm-atollic-eabi/5.3.1/armv7e-m/softfp\libgcc.a
LOAD c:/apps/atollic/truestudio for arm 5.5.1/armtools/bin/../lib/gcc/arm-atollic-eabi/5.3.1/../../../../arm-atollic-eabi/lib/armv7e-m/softfp\libc_nano.a
LOAD c:/apps/atollic/truestudio for arm 5.5.1/armtools/bin/../lib/gcc/arm-atollic-eabi/5.3.1/../../../../arm-atollic-eabi/lib/armv7e-m/softfp\libnosys.a
END GROUP
LOAD c:/apps/atollic/truestudio for arm 5.5.1/armtools/bin/../lib/gcc/arm-atollic-eabi/5.3.1/armv7e-m/softfp/crtend.o
LOAD c:/apps/atollic/truestudio for arm 5.5.1/armtools/bin/../lib/gcc/arm-atollic-eabi/5.3.1/armv7e-m/softfp/crtn.o
LOAD ..\Libraries\libBSP.a
LOAD ..\Libraries\libsGUI.a
                0x20020000                _estack = 0x20020000
                0x00001000                _Min_Heap_Size = 0x1000
                0x00001000                _Min_Stack_Size = 0x1000

.isr_vector     0x08000000      0x188
                0x08000000                . = ALIGN (0x4)
 *(.isr_vector)
 .isr_vector    0x08000000      0x188 src\startup.o
                0x08000000                g_pfnVectors
                0x08000188                . = ALIGN (0x4)

.text           0x08000188     0x14cc
                0x08000188                . = ALIGN (0x4)
 *(.text)
 .text          0x08000188       0x40 c:/apps/atollic/truestudio for arm 5.5.1/armtools/bin/../lib/gcc/arm-atollic-eabi/5.3.1/armv7e-m/softfp/crtbegin.o
 *(.text*)
 .text.NMI_Handler
                0x080001c8       0x10 src\stm32f4xx_it.o
                0x080001c8                NMI_Handler
 .text.HardFault_Handler
                0x080001d8        0xc src\stm32f4xx_it.o
                0x080001d8                HardFault_Handler
 .text.MemManage_Handler
                0x080001e4        0x8 src\stm32f4xx_it.o
                0x080001e4                MemManage_Handler
 .text.BusFault_Handler
                0x080001ec        0xc src\stm32f4xx_it.o
                0x080001ec                BusFault_Handler
 .text.UsageFault_Handler
                0x080001f8        0xc src\stm32f4xx_it.o
                0x080001f8                UsageFault_Handler
 .text.SVC_Handler
                0x08000204       0x10 src\stm32f4xx_it.o
                0x08000204                SVC_Handler
 .text.DebugMon_Handler
                0x08000214       0x10 src\stm32f4xx_it.o
                0x08000214                DebugMon_Handler
 .text.PendSV_Handler
                0x08000224       0x10 src\stm32f4xx_it.o
                0x08000224                PendSV_Handler
 .text.SysTick_Handler
                0x08000234       0x10 src\stm32f4xx_it.o
                0x08000234                SysTick_Handler
 .text.EXTI0_IRQHandler
                0x08000244       0x1c src\stm32f4xx_it.o
                0x08000244                EXTI0_IRQHandler
 .text.EXTI9_5_IRQHandler
                0x08000260       0x34 src\stm32f4xx_it.o
                0x08000260                EXTI9_5_IRQHandler
 .text.EXTI15_10_IRQHandler
                0x08000294       0x34 src\stm32f4xx_it.o
                0x08000294                EXTI15_10_IRQHandler
 .text.Reset_Handler
                0x080002c8       0x4c src\startup.o
                0x080002c8                Reset_Handler
 .text.Default_Handler
                0x08000314       0x74 src\startup.o
                0x0800031c                RTC_Alarm_IRQHandler
                0x0800031c                HASH_RNG_IRQHandler
                0x0800031c                EXTI2_IRQHandler
                0x0800031c                TIM8_CC_IRQHandler
                0x0800031c                TIM1_CC_IRQHandler
                0x0800031c                DMA2_Stream5_IRQHandler
                0x0800031c                DMA1_Stream5_IRQHandler
                0x0800031c                PVD_IRQHandler
                0x0800031c                SDIO_IRQHandler
                0x0800031c                TAMP_STAMP_IRQHandler
                0x0800031c                CAN2_RX1_IRQHandler
                0x0800031c                EXTI3_IRQHandler
                0x0800031c                TIM8_TRG_COM_TIM14_IRQHandler
                0x0800031c                TIM1_UP_TIM10_IRQHandler
                0x0800031c                TIM8_UP_TIM13_IRQHandler
                0x0800031c                I2C3_ER_IRQHandler
                0x0800031c                I2C2_EV_IRQHandler
                0x0800031c                DMA1_Stream2_IRQHandler
                0x0800031c                CAN1_RX0_IRQHandler
                0x0800031c                FPU_IRQHandler
                0x0800031c                OTG_HS_WKUP_IRQHandler
                0x0800031c                CAN2_SCE_IRQHandler
                0x0800031c                DMA2_Stream2_IRQHandler
                0x0800031c                SPI1_IRQHandler
                0x0800031c                TIM6_DAC_IRQHandler
                0x0800031c                TIM1_BRK_TIM9_IRQHandler
                0x0800031c                DCMI_IRQHandler
                0x0800031c                CAN2_RX0_IRQHandler
                0x0800031c                DMA2_Stream3_IRQHandler
                0x0800031c                USART6_IRQHandler
                0x0800031c                USART3_IRQHandler
                0x0800031c                CRYP_IRQHandler
                0x0800031c                CAN1_RX1_IRQHandler
                0x0800031c                UART5_IRQHandler
                0x0800031c                DMA2_Stream0_IRQHandler
                0x0800031c                vApplicationMallocFailedHook
                0x0800031c                TIM4_IRQHandler
                0x0800031c                I2C1_EV_IRQHandler
                0x0800031c                DMA1_Stream6_IRQHandler
                0x0800031c                DMA1_Stream1_IRQHandler
                0x0800031c                UART4_IRQHandler
                0x0800031c                TIM3_IRQHandler
                0x0800031c                RCC_IRQHandler
                0x0800031c                TIM8_BRK_TIM12_IRQHandler
                0x0800031c                Default_Handler
                0x0800031c                ADC_IRQHandler
                0x0800031c                DMA1_Stream7_IRQHandler
                0x0800031c                CAN2_TX_IRQHandler
                0x0800031c                TIM5_IRQHandler
                0x0800031c                DMA2_Stream7_IRQHandler
                0x0800031c                I2C3_EV_IRQHandler
                0x0800031c                vApplicationStackOverflowHook
                0x0800031c                RTC_WKUP_IRQHandler
                0x0800031c                ETH_WKUP_IRQHandler
                0x0800031c                SPI2_IRQHandler
                0x0800031c                OTG_HS_EP1_IN_IRQHandler
                0x0800031c                DMA1_Stream0_IRQHandler
                0x0800031c                CAN1_TX_IRQHandler
                0x0800031c                EXTI4_IRQHandler
                0x0800031c                FSMC_IRQHandler
                0x0800031c                ETH_IRQHandler
                0x0800031c                OTG_HS_EP1_OUT_IRQHandler
                0x0800031c                WWDG_IRQHandler
                0x0800031c                TIM2_IRQHandler
                0x0800031c                OTG_FS_WKUP_IRQHandler
                0x0800031c                TIM1_TRG_COM_TIM11_IRQHandler
                0x0800031c                OTG_HS_IRQHandler
                0x0800031c                EXTI1_IRQHandler
                0x0800031c                USART2_IRQHandler
                0x0800031c                I2C2_ER_IRQHandler
                0x0800031c                DMA2_Stream1_IRQHandler
                0x0800031c                CAN1_SCE_IRQHandler
                0x0800031c                FLASH_IRQHandler
                0x0800031c                DMA2_Stream4_IRQHandler
                0x0800031c                USART1_IRQHandler
                0x0800031c                OTG_FS_IRQHandler
                0x0800031c                SPI3_IRQHandler
                0x0800031c                DMA1_Stream4_IRQHandler
                0x0800031c                I2C1_ER_IRQHandler
                0x0800031c                DMA2_Stream6_IRQHandler
                0x0800031c                DMA1_Stream3_IRQHandler
 .text.main     0x08000388       0x14 src\main.o
                0x08000388                main
 .text.mainFSM  0x0800039c       0x34 src\main.o
                0x0800039c                mainFSM
 .text.NVIC_EnableIRQ
                0x080003d0       0x34 src\delay.o
 .text.initDelayFuctions
                0x08000404       0x70 src\delay.o
                0x08000404                initDelayFuctions
 .text.loopDelay
                0x08000474       0x2c src\delay.o
                0x08000474                loopDelay
 .text.TIM7_IRQHandler
                0x080004a0       0x30 src\delay.o
                0x080004a0                TIM7_IRQHandler
 .text.__libc_init_array
                0x080004d0       0x4c c:/apps/atollic/truestudio for arm 5.5.1/armtools/bin/../lib/gcc/arm-atollic-eabi/5.3.1/../../../../arm-atollic-eabi/lib/armv7e-m/softfp\libc_nano.a(lib_a-init.o)
                0x080004d0                __libc_init_array
 .text.CARME_CAN_Read_Register
                0x0800051c       0x30 ..\Libraries\libBSP.a(can.o)
 .text.CARME_CAN_Interrupt_Handler
                0x0800054c       0xf8 ..\Libraries\libBSP.a(can.o)
                0x0800054c                CARME_CAN_Interrupt_Handler
 .text.CARME_Init
                0x08000644       0xc0 ..\Libraries\libBSP.a(carme.o)
                0x08000644                CARME_Init
 .text.CARME_FSMC_GPIO_Init
                0x08000704       0x54 ..\Libraries\libBSP.a(carme.o)
 .text.CARME_FSMC_Init
                0x08000758      0x164 ..\Libraries\libBSP.a(carme.o)
 .text.CARME_AGPIO_Init
                0x080008bc       0x24 ..\Libraries\libBSP.a(carme.o)
 .text.CARME_GPIO_Init
                0x080008e0      0x1f4 ..\Libraries\libBSP.a(carme.o)
                0x080008e0                CARME_GPIO_Init
 .text.SystemInit
                0x08000ad4       0x68 ..\Libraries\libBSP.a(system_stm32f4xx.o)
                0x08000ad4                SystemInit
 .text.SetSysClock
                0x08000b3c       0xf4 ..\Libraries\libBSP.a(system_stm32f4xx.o)
 .text.EXTI_GetITStatus
                0x08000c30       0x34 ..\Libraries\libBSP.a(stm32f4xx_exti.o)
                0x08000c30                EXTI_GetITStatus
 .text.EXTI_ClearITPendingBit
                0x08000c64       0x1c ..\Libraries\libBSP.a(stm32f4xx_exti.o)
                0x08000c64                EXTI_ClearITPendingBit
 .text.FSMC_NORSRAMDeInit
                0x08000c80       0x58 ..\Libraries\libBSP.a(stm32f4xx_fsmc.o)
                0x08000c80                FSMC_NORSRAMDeInit
 .text.FSMC_NORSRAMInit
                0x08000cd8      0x134 ..\Libraries\libBSP.a(stm32f4xx_fsmc.o)
                0x08000cd8                FSMC_NORSRAMInit
 .text.FSMC_NORSRAMCmd
                0x08000e0c       0x54 ..\Libraries\libBSP.a(stm32f4xx_fsmc.o)
                0x08000e0c                FSMC_NORSRAMCmd
 .text.GPIO_DeInit
                0x08000e60      0x164 ..\Libraries\libBSP.a(stm32f4xx_gpio.o)
                0x08000e60                GPIO_DeInit
 .text.GPIO_Init
                0x08000fc4      0x11c ..\Libraries\libBSP.a(stm32f4xx_gpio.o)
                0x08000fc4                GPIO_Init
 .text.GPIO_StructInit
                0x080010e0       0x34 ..\Libraries\libBSP.a(stm32f4xx_gpio.o)
                0x080010e0                GPIO_StructInit
 .text.GPIO_PinAFConfig
                0x08001114       0x8c ..\Libraries\libBSP.a(stm32f4xx_gpio.o)
                0x08001114                GPIO_PinAFConfig
 .text.RCC_AHB1PeriphClockCmd
                0x080011a0       0x3c ..\Libraries\libBSP.a(stm32f4xx_rcc.o)
                0x080011a0                RCC_AHB1PeriphClockCmd
 .text.RCC_AHB3PeriphClockCmd
                0x080011dc       0x3c ..\Libraries\libBSP.a(stm32f4xx_rcc.o)
                0x080011dc                RCC_AHB3PeriphClockCmd
 .text.RCC_APB1PeriphClockCmd
                0x08001218       0x3c ..\Libraries\libBSP.a(stm32f4xx_rcc.o)
                0x08001218                RCC_APB1PeriphClockCmd
 .text.RCC_APB2PeriphClockCmd
                0x08001254       0x3c ..\Libraries\libBSP.a(stm32f4xx_rcc.o)
                0x08001254                RCC_APB2PeriphClockCmd
 .text.RCC_AHB1PeriphResetCmd
                0x08001290       0x3c ..\Libraries\libBSP.a(stm32f4xx_rcc.o)
                0x08001290                RCC_AHB1PeriphResetCmd
 .text.TIM_TimeBaseInit
                0x080012cc       0xd4 ..\Libraries\libBSP.a(stm32f4xx_tim.o)
                0x080012cc                TIM_TimeBaseInit
 .text.TIM_TimeBaseStructInit
                0x080013a0       0x34 ..\Libraries\libBSP.a(stm32f4xx_tim.o)
                0x080013a0                TIM_TimeBaseStructInit
 .text.TIM_Cmd  0x080013d4       0x40 ..\Libraries\libBSP.a(stm32f4xx_tim.o)
                0x080013d4                TIM_Cmd
 .text.TIM_ITConfig
                0x08001414       0x48 ..\Libraries\libBSP.a(stm32f4xx_tim.o)
                0x08001414                TIM_ITConfig
 .text.TIM_ClearFlag
                0x0800145c       0x20 ..\Libraries\libBSP.a(stm32f4xx_tim.o)
                0x0800145c                TIM_ClearFlag
 .text.memcpy   0x0800147c       0x16 c:/apps/atollic/truestudio for arm 5.5.1/armtools/bin/../lib/gcc/arm-atollic-eabi/5.3.1/../../../../arm-atollic-eabi/lib/armv7e-m/softfp\libc.a(lib_a-memcpy-stub.o)
                0x0800147c                memcpy
 *(.rodata)
 *fill*         0x08001492        0x2 
 .rodata        0x08001494      0x1a8 ..\Libraries\libBSP.a(carme.o)
 *(.rodata*)
 *(.glue_7)
 .glue_7        0x0800163c        0x0 linker stubs
 *(.glue_7t)
 .glue_7t       0x0800163c        0x0 linker stubs
 *(.eh_frame)
 .eh_frame      0x0800163c        0x0 c:/apps/atollic/truestudio for arm 5.5.1/armtools/bin/../lib/gcc/arm-atollic-eabi/5.3.1/armv7e-m/softfp/crtbegin.o
 *(.init)
 .init          0x0800163c        0x4 c:/apps/atollic/truestudio for arm 5.5.1/armtools/bin/../lib/gcc/arm-atollic-eabi/5.3.1/armv7e-m/softfp/crti.o
                0x0800163c                _init
 .init          0x08001640        0x8 c:/apps/atollic/truestudio for arm 5.5.1/armtools/bin/../lib/gcc/arm-atollic-eabi/5.3.1/armv7e-m/softfp/crtn.o
 *(.fini)
 .fini          0x08001648        0x4 c:/apps/atollic/truestudio for arm 5.5.1/armtools/bin/../lib/gcc/arm-atollic-eabi/5.3.1/armv7e-m/softfp/crti.o
                0x08001648                _fini
 .fini          0x0800164c        0x8 c:/apps/atollic/truestudio for arm 5.5.1/armtools/bin/../lib/gcc/arm-atollic-eabi/5.3.1/armv7e-m/softfp/crtn.o
                0x08001654                . = ALIGN (0x4)
                0x08001654                _etext = .

.vfp11_veneer   0x08001654        0x0
 .vfp11_veneer  0x08001654        0x0 linker stubs

.v4_bx          0x08001654        0x0
 .v4_bx         0x08001654        0x0 linker stubs

.iplt           0x08001654        0x0
 .iplt          0x08001654        0x0 c:/apps/atollic/truestudio for arm 5.5.1/armtools/bin/../lib/gcc/arm-atollic-eabi/5.3.1/armv7e-m/softfp/crtbegin.o

.rel.dyn        0x08001654        0x0
 .rel.iplt      0x08001654        0x0 c:/apps/atollic/truestudio for arm 5.5.1/armtools/bin/../lib/gcc/arm-atollic-eabi/5.3.1/armv7e-m/softfp/crtbegin.o

.ARM.extab
 *(.ARM.extab* .gnu.linkonce.armextab.*)

.ARM            0x08001654        0x0
                0x08001654                __exidx_start = .
 *(.ARM.exidx*)
                0x08001654                __exidx_end = .

.preinit_array  0x08001654        0x0
                0x08001654                PROVIDE (__preinit_array_start, .)
 *(.preinit_array*)
                0x08001654                PROVIDE (__preinit_array_end, .)

.init_array     0x08001654        0x4
                0x08001654                PROVIDE (__init_array_start, .)
 *(SORT(.init_array.*))
 *(.init_array*)
 .init_array    0x08001654        0x4 c:/apps/atollic/truestudio for arm 5.5.1/armtools/bin/../lib/gcc/arm-atollic-eabi/5.3.1/armv7e-m/softfp/crtbegin.o
                0x08001658                PROVIDE (__init_array_end, .)

.fini_array     0x08001658        0x4
                [!provide]                PROVIDE (__fini_array_start, .)
 *(SORT(.fini_array.*))
 *(.fini_array*)
 .fini_array    0x08001658        0x4 c:/apps/atollic/truestudio for arm 5.5.1/armtools/bin/../lib/gcc/arm-atollic-eabi/5.3.1/armv7e-m/softfp/crtbegin.o
                [!provide]                PROVIDE (__fini_array_end, .)
                0x0800165c                _sidata = LOADADDR (.data)

.data           0x20000000       0xa8 load address 0x0800165c
                0x20000000                . = ALIGN (0x4)
                0x20000000                _sdata = .
 *(.data)
 *(.data*)
 .data.SJA1000_CMD
                0x20000000        0x4 ..\Libraries\libBSP.a(can.o)
 .data.SJA1000_DATA
                0x20000004        0x4 ..\Libraries\libBSP.a(can.o)
 .data.CARME_AGPIO_Port_Pin
                0x20000008       0xa0 ..\Libraries\libBSP.a(carme.o)
                0x200000a8                . = ALIGN (0x4)
                0x200000a8                _edata = .
                0x08001704                _siccmram = LOADADDR (.ccmram)

.igot.plt       0x200000a8        0x0 load address 0x08001704
 .igot.plt      0x200000a8        0x0 c:/apps/atollic/truestudio for arm 5.5.1/armtools/bin/../lib/gcc/arm-atollic-eabi/5.3.1/armv7e-m/softfp/crtbegin.o

.ccmram         0x10000000        0x0 load address 0x08001704
                0x10000000                . = ALIGN (0x4)
                0x10000000                _sccmram = .
 *(.ccmram)
 *(.ccmram*)
                0x10000000                . = ALIGN (0x4)
                0x10000000                _eccmram = .
                0x10000000                . = ALIGN (0x4)

.bss            0x200000a8       0x48
                0x200000a8                _sbss = .
                0x200000a8                __bss_start__ = _sbss
 *(.bss)
 .bss           0x200000a8       0x1c c:/apps/atollic/truestudio for arm 5.5.1/armtools/bin/../lib/gcc/arm-atollic-eabi/5.3.1/armv7e-m/softfp/crtbegin.o
 *(.bss*)
 .bss.statesMainMenu
                0x200000c4        0x1 src\main.o
                0x200000c4                statesMainMenu
 *fill*         0x200000c5        0x3 
 .bss.cntLoopDelay
                0x200000c8        0x4 src\delay.o
 .bss.cntDelay  0x200000cc        0x4 src\delay.o
 .bss.CARME_CAN_IRQCallbacks
                0x200000d0       0x20 ..\Libraries\libBSP.a(can.o)
 *(COMMON)
                0x200000f0                . = ALIGN (0x4)
                0x200000f0                _ebss = .
                0x200000f0                __bss_end__ = _ebss

._user_heap_stack
                0x200000f0     0x2000
                0x200000f0                . = ALIGN (0x4)
                0x200000f0                PROVIDE (end, .)
                [!provide]                PROVIDE (_end, .)
                0x200010f0                . = (. + _Min_Heap_Size)
 *fill*         0x200000f0     0x1000 
                0x200020f0                . = (. + _Min_Stack_Size)
 *fill*         0x200010f0     0x1000 
                0x200020f0                . = ALIGN (0x4)

.memory_b1_text
 *(.mb1text)
 *(.mb1text*)
 *(.mb1rodata)
 *(.mb1rodata*)

/DISCARD/
 libc.a(*)
 libm.a(*)
 libgcc.a(*)

.ARM.attributes
                0x00000000       0x2c
 *(.ARM.attributes)
 .ARM.attributes
                0x00000000       0x22 c:/apps/atollic/truestudio for arm 5.5.1/armtools/bin/../lib/gcc/arm-atollic-eabi/5.3.1/armv7e-m/softfp/crti.o
 .ARM.attributes
                0x00000022       0x32 c:/apps/atollic/truestudio for arm 5.5.1/armtools/bin/../lib/gcc/arm-atollic-eabi/5.3.1/armv7e-m/softfp/crtbegin.o
 .ARM.attributes
                0x00000054       0x37 src\stm32f4xx_it.o
 .ARM.attributes
                0x0000008b       0x21 src\startup.o
 .ARM.attributes
                0x000000ac       0x37 src\main.o
 .ARM.attributes
                0x000000e3       0x37 src\delay.o
 .ARM.attributes
                0x0000011a       0x32 c:/apps/atollic/truestudio for arm 5.5.1/armtools/bin/../lib/gcc/arm-atollic-eabi/5.3.1/../../../../arm-atollic-eabi/lib/armv7e-m/softfp\libc_nano.a(lib_a-init.o)
 .ARM.attributes
                0x0000014c       0x22 c:/apps/atollic/truestudio for arm 5.5.1/armtools/bin/../lib/gcc/arm-atollic-eabi/5.3.1/armv7e-m/softfp/crtn.o
 .ARM.attributes
                0x0000016e       0x37 ..\Libraries\libBSP.a(can.o)
 .ARM.attributes
                0x000001a5       0x37 ..\Libraries\libBSP.a(carme.o)
 .ARM.attributes
                0x000001dc       0x37 ..\Libraries\libBSP.a(system_stm32f4xx.o)
 .ARM.attributes
                0x00000213       0x37 ..\Libraries\libBSP.a(stm32f4xx_exti.o)
 .ARM.attributes
                0x0000024a       0x37 ..\Libraries\libBSP.a(stm32f4xx_fsmc.o)
 .ARM.attributes
                0x00000281       0x37 ..\Libraries\libBSP.a(stm32f4xx_gpio.o)
 .ARM.attributes
                0x000002b8       0x37 ..\Libraries\libBSP.a(stm32f4xx_rcc.o)
 .ARM.attributes
                0x000002ef       0x37 ..\Libraries\libBSP.a(stm32f4xx_tim.o)
OUTPUT(GPS_Main.elf elf32-littlearm)

.debug_info     0x00000000     0x5f7f
 .debug_info    0x00000000      0x249 src\stm32f4xx_it.o
 .debug_info    0x00000249       0x8c src\startup.o
 .debug_info    0x000002d5      0x113 src\main.o
 .debug_info    0x000003e8      0x7b5 src\delay.o
 .debug_info    0x00000b9d      0xae4 ..\Libraries\libBSP.a(can.o)
 .debug_info    0x00001681      0x695 ..\Libraries\libBSP.a(carme.o)
 .debug_info    0x00001d16      0x5c0 ..\Libraries\libBSP.a(system_stm32f4xx.o)
 .debug_info    0x000022d6      0x33c ..\Libraries\libBSP.a(stm32f4xx_exti.o)
 .debug_info    0x00002612      0x8f9 ..\Libraries\libBSP.a(stm32f4xx_fsmc.o)
 .debug_info    0x00002f0b      0x609 ..\Libraries\libBSP.a(stm32f4xx_gpio.o)
 .debug_info    0x00003514      0xe06 ..\Libraries\libBSP.a(stm32f4xx_rcc.o)
 .debug_info    0x0000431a     0x1c65 ..\Libraries\libBSP.a(stm32f4xx_tim.o)

.debug_abbrev   0x00000000     0x10e8
 .debug_abbrev  0x00000000      0x108 src\stm32f4xx_it.o
 .debug_abbrev  0x00000108       0x12 src\startup.o
 .debug_abbrev  0x0000011a       0xa8 src\main.o
 .debug_abbrev  0x000001c2      0x1cd src\delay.o
 .debug_abbrev  0x0000038f      0x25e ..\Libraries\libBSP.a(can.o)
 .debug_abbrev  0x000005ed      0x1c0 ..\Libraries\libBSP.a(carme.o)
 .debug_abbrev  0x000007ad      0x138 ..\Libraries\libBSP.a(system_stm32f4xx.o)
 .debug_abbrev  0x000008e5      0x1a7 ..\Libraries\libBSP.a(stm32f4xx_exti.o)
 .debug_abbrev  0x00000a8c      0x172 ..\Libraries\libBSP.a(stm32f4xx_fsmc.o)
 .debug_abbrev  0x00000bfe      0x1a5 ..\Libraries\libBSP.a(stm32f4xx_gpio.o)
 .debug_abbrev  0x00000da3      0x1bc ..\Libraries\libBSP.a(stm32f4xx_rcc.o)
 .debug_abbrev  0x00000f5f      0x189 ..\Libraries\libBSP.a(stm32f4xx_tim.o)

.debug_aranges  0x00000000      0x890
 .debug_aranges
                0x00000000       0x88 src\stm32f4xx_it.o
 .debug_aranges
                0x00000088       0x28 src\startup.o
 .debug_aranges
                0x000000b0       0x28 src\main.o
 .debug_aranges
                0x000000d8       0x40 src\delay.o
 .debug_aranges
                0x00000118       0x90 ..\Libraries\libBSP.a(can.o)
 .debug_aranges
                0x000001a8       0x78 ..\Libraries\libBSP.a(carme.o)
 .debug_aranges
                0x00000220       0x30 ..\Libraries\libBSP.a(system_stm32f4xx.o)
 .debug_aranges
                0x00000250       0x58 ..\Libraries\libBSP.a(stm32f4xx_exti.o)
 .debug_aranges
                0x000002a8       0xb0 ..\Libraries\libBSP.a(stm32f4xx_fsmc.o)
 .debug_aranges
                0x00000358       0x88 ..\Libraries\libBSP.a(stm32f4xx_gpio.o)
 .debug_aranges
                0x000003e0      0x1b8 ..\Libraries\libBSP.a(stm32f4xx_rcc.o)
 .debug_aranges
                0x00000598      0x2f8 ..\Libraries\libBSP.a(stm32f4xx_tim.o)

.debug_ranges   0x00000000      0x7d8
 .debug_ranges  0x00000000       0x78 src\stm32f4xx_it.o
 .debug_ranges  0x00000078       0x20 src\startup.o
 .debug_ranges  0x00000098       0x18 src\main.o
 .debug_ranges  0x000000b0       0x30 src\delay.o
 .debug_ranges  0x000000e0       0x80 ..\Libraries\libBSP.a(can.o)
 .debug_ranges  0x00000160       0x68 ..\Libraries\libBSP.a(carme.o)
 .debug_ranges  0x000001c8       0x20 ..\Libraries\libBSP.a(system_stm32f4xx.o)
 .debug_ranges  0x000001e8       0x48 ..\Libraries\libBSP.a(stm32f4xx_exti.o)
 .debug_ranges  0x00000230       0xa0 ..\Libraries\libBSP.a(stm32f4xx_fsmc.o)
 .debug_ranges  0x000002d0       0x78 ..\Libraries\libBSP.a(stm32f4xx_gpio.o)
 .debug_ranges  0x00000348      0x1a8 ..\Libraries\libBSP.a(stm32f4xx_rcc.o)
 .debug_ranges  0x000004f0      0x2e8 ..\Libraries\libBSP.a(stm32f4xx_tim.o)

.debug_line     0x00000000     0x2565
 .debug_line    0x00000000      0x24c src\stm32f4xx_it.o
 .debug_line    0x0000024c       0x99 src\startup.o
 .debug_line    0x000002e5      0x148 src\main.o
 .debug_line    0x0000042d      0x1d3 src\delay.o
 .debug_line    0x00000600      0x35f ..\Libraries\libBSP.a(can.o)
 .debug_line    0x0000095f      0x458 ..\Libraries\libBSP.a(carme.o)
 .debug_line    0x00000db7      0x160 ..\Libraries\libBSP.a(system_stm32f4xx.o)
 .debug_line    0x00000f17      0x1b3 ..\Libraries\libBSP.a(stm32f4xx_exti.o)
 .debug_line    0x000010ca      0x36b ..\Libraries\libBSP.a(stm32f4xx_fsmc.o)
 .debug_line    0x00001435      0x25c ..\Libraries\libBSP.a(stm32f4xx_gpio.o)
 .debug_line    0x00001691      0x558 ..\Libraries\libBSP.a(stm32f4xx_rcc.o)
 .debug_line    0x00001be9      0x97c ..\Libraries\libBSP.a(stm32f4xx_tim.o)

.debug_str      0x00000000     0x2da7
 .debug_str     0x00000000      0x2dc src\stm32f4xx_it.o
                                0x338 (size before relaxing)
 .debug_str     0x000002dc       0x7c src\main.o
                                0x240 (size before relaxing)
 .debug_str     0x00000358      0x72b src\delay.o
                                0x933 (size before relaxing)
 .debug_str     0x00000a83      0x725 ..\Libraries\libBSP.a(can.o)
                                0xdb9 (size before relaxing)
 .debug_str     0x000011a8      0x3ab ..\Libraries\libBSP.a(carme.o)
                                0x71c (size before relaxing)
 .debug_str     0x00001553      0x1cf ..\Libraries\libBSP.a(system_stm32f4xx.o)
                                0x3f2 (size before relaxing)
 .debug_str     0x00001722       0xf8 ..\Libraries\libBSP.a(stm32f4xx_exti.o)
                                0x37f (size before relaxing)
 .debug_str     0x0000181a      0x3b5 ..\Libraries\libBSP.a(stm32f4xx_fsmc.o)
                                0x7bd (size before relaxing)
 .debug_str     0x00001bcf      0x123 ..\Libraries\libBSP.a(stm32f4xx_gpio.o)
                                0x4d3 (size before relaxing)
 .debug_str     0x00001cf2      0x66d ..\Libraries\libBSP.a(stm32f4xx_rcc.o)
                                0x9c8 (size before relaxing)
 .debug_str     0x0000235f      0xa48 ..\Libraries\libBSP.a(stm32f4xx_tim.o)
                                0xe03 (size before relaxing)

.comment        0x00000000       0xab
 .comment       0x00000000       0x7e src\stm32f4xx_it.o
                                 0x7f (size before relaxing)
 .comment       0x0000007e       0x7f src\main.o
 .comment       0x0000007e       0x7f src\delay.o
 .comment       0x0000007e       0x2d ..\Libraries\libBSP.a(can.o)
                                 0x2e (size before relaxing)
 .comment       0x000000ab       0x2e ..\Libraries\libBSP.a(carme.o)
 .comment       0x000000ab       0x2e ..\Libraries\libBSP.a(system_stm32f4xx.o)
 .comment       0x000000ab       0x2e ..\Libraries\libBSP.a(stm32f4xx_exti.o)
 .comment       0x000000ab       0x2e ..\Libraries\libBSP.a(stm32f4xx_fsmc.o)
 .comment       0x000000ab       0x2e ..\Libraries\libBSP.a(stm32f4xx_gpio.o)
 .comment       0x000000ab       0x2e ..\Libraries\libBSP.a(stm32f4xx_rcc.o)
 .comment       0x000000ab       0x2e ..\Libraries\libBSP.a(stm32f4xx_tim.o)

.debug_frame    0x00000000     0x1b58
 .debug_frame   0x00000000      0x1c0 src\stm32f4xx_it.o
 .debug_frame   0x000001c0       0x4c src\main.o
 .debug_frame   0x0000020c       0xc8 src\delay.o
 .debug_frame   0x000002d4       0x2c c:/apps/atollic/truestudio for arm 5.5.1/armtools/bin/../lib/gcc/arm-atollic-eabi/5.3.1/../../../../arm-atollic-eabi/lib/armv7e-m/softfp\libc_nano.a(lib_a-init.o)
 .debug_frame   0x00000300      0x1e0 ..\Libraries\libBSP.a(can.o)
 .debug_frame   0x000004e0      0x178 ..\Libraries\libBSP.a(carme.o)
 .debug_frame   0x00000658       0x64 ..\Libraries\libBSP.a(system_stm32f4xx.o)
 .debug_frame   0x000006bc       0xec ..\Libraries\libBSP.a(stm32f4xx_exti.o)
 .debug_frame   0x000007a8      0x220 ..\Libraries\libBSP.a(stm32f4xx_fsmc.o)
 .debug_frame   0x000009c8      0x19c ..\Libraries\libBSP.a(stm32f4xx_gpio.o)
 .debug_frame   0x00000b64      0x5b8 ..\Libraries\libBSP.a(stm32f4xx_rcc.o)
 .debug_frame   0x0000111c      0xa3c ..\Libraries\libBSP.a(stm32f4xx_tim.o)

Cross Reference Table

Symbol                                            File
ADC_IRQHandler                                    src\startup.o
AHBPrescTable                                     ..\Libraries\libBSP.a(system_stm32f4xx.o)
BusFault_Handler                                  src\stm32f4xx_it.o
CAN1_RX0_IRQHandler                               src\startup.o
CAN1_RX1_IRQHandler                               src\startup.o
CAN1_SCE_IRQHandler                               src\startup.o
CAN1_TX_IRQHandler                                src\startup.o
CAN2_RX0_IRQHandler                               src\startup.o
CAN2_RX1_IRQHandler                               src\startup.o
CAN2_SCE_IRQHandler                               src\startup.o
CAN2_TX_IRQHandler                                src\startup.o
CARME_AGPIO_Get                                   ..\Libraries\libBSP.a(carme.o)
CARME_AGPIO_Set                                   ..\Libraries\libBSP.a(carme.o)
CARME_CAN_GetAcceptaceFilter                      ..\Libraries\libBSP.a(can.o)
CARME_CAN_Init                                    ..\Libraries\libBSP.a(can.o)
CARME_CAN_InitI                                   ..\Libraries\libBSP.a(can.o)
CARME_CAN_Interrupt_Handler                       ..\Libraries\libBSP.a(can.o)
                                                  src\stm32f4xx_it.o
CARME_CAN_Read                                    ..\Libraries\libBSP.a(can.o)
CARME_CAN_RegisterIRQCallback                     ..\Libraries\libBSP.a(can.o)
CARME_CAN_SetAcceptaceFilter                      ..\Libraries\libBSP.a(can.o)
CARME_CAN_SetBaudrate                             ..\Libraries\libBSP.a(can.o)
CARME_CAN_SetMode                                 ..\Libraries\libBSP.a(can.o)
CARME_CAN_UnregisterIRQCallback                   ..\Libraries\libBSP.a(can.o)
CARME_CAN_Write                                   ..\Libraries\libBSP.a(can.o)
CARME_GPIO_Init                                   ..\Libraries\libBSP.a(carme.o)
CARME_Init                                        ..\Libraries\libBSP.a(carme.o)
                                                  src\startup.o
CARME_LED_Green_Reset                             ..\Libraries\libBSP.a(carme.o)
CARME_LED_Green_Set                               ..\Libraries\libBSP.a(carme.o)
CARME_LED_Red_Reset                               ..\Libraries\libBSP.a(carme.o)
CARME_LED_Red_Set                                 ..\Libraries\libBSP.a(carme.o)
CRYP_IRQHandler                                   src\startup.o
DCMI_IRQHandler                                   src\startup.o
DMA1_Stream0_IRQHandler                           src\startup.o
DMA1_Stream1_IRQHandler                           src\startup.o
DMA1_Stream2_IRQHandler                           src\startup.o
DMA1_Stream3_IRQHandler                           src\startup.o
DMA1_Stream4_IRQHandler                           src\startup.o
DMA1_Stream5_IRQHandler                           src\startup.o
DMA1_Stream6_IRQHandler                           src\startup.o
DMA1_Stream7_IRQHandler                           src\startup.o
DMA2_Stream0_IRQHandler                           src\startup.o
DMA2_Stream1_IRQHandler                           src\startup.o
DMA2_Stream2_IRQHandler                           src\startup.o
DMA2_Stream3_IRQHandler                           src\startup.o
DMA2_Stream4_IRQHandler                           src\startup.o
DMA2_Stream5_IRQHandler                           src\startup.o
DMA2_Stream6_IRQHandler                           src\startup.o
DMA2_Stream7_IRQHandler                           src\startup.o
DebugMon_Handler                                  src\stm32f4xx_it.o
Default_Handler                                   src\startup.o
                                                  src\stm32f4xx_it.o
ETH_IRQHandler                                    src\startup.o
ETH_WKUP_IRQHandler                               src\startup.o
EXTI0_IRQHandler                                  src\stm32f4xx_it.o
EXTI15_10_IRQHandler                              src\stm32f4xx_it.o
EXTI1_IRQHandler                                  src\startup.o
EXTI2_IRQHandler                                  src\startup.o
EXTI3_IRQHandler                                  src\startup.o
EXTI4_IRQHandler                                  src\startup.o
EXTI9_5_IRQHandler                                src\stm32f4xx_it.o
EXTI_ClearFlag                                    ..\Libraries\libBSP.a(stm32f4xx_exti.o)
EXTI_ClearITPendingBit                            ..\Libraries\libBSP.a(stm32f4xx_exti.o)
                                                  src\stm32f4xx_it.o
EXTI_DeInit                                       ..\Libraries\libBSP.a(stm32f4xx_exti.o)
EXTI_GenerateSWInterrupt                          ..\Libraries\libBSP.a(stm32f4xx_exti.o)
EXTI_GetFlagStatus                                ..\Libraries\libBSP.a(stm32f4xx_exti.o)
EXTI_GetITStatus                                  ..\Libraries\libBSP.a(stm32f4xx_exti.o)
                                                  src\stm32f4xx_it.o
EXTI_Init                                         ..\Libraries\libBSP.a(stm32f4xx_exti.o)
                                                  ..\Libraries\libBSP.a(can.o)
EXTI_StructInit                                   ..\Libraries\libBSP.a(stm32f4xx_exti.o)
FLASH_IRQHandler                                  src\startup.o
FPU_IRQHandler                                    src\startup.o
FSMC_ClearFlag                                    ..\Libraries\libBSP.a(stm32f4xx_fsmc.o)
FSMC_ClearITPendingBit                            ..\Libraries\libBSP.a(stm32f4xx_fsmc.o)
FSMC_GetECC                                       ..\Libraries\libBSP.a(stm32f4xx_fsmc.o)
FSMC_GetFlagStatus                                ..\Libraries\libBSP.a(stm32f4xx_fsmc.o)
FSMC_GetITStatus                                  ..\Libraries\libBSP.a(stm32f4xx_fsmc.o)
FSMC_IRQHandler                                   src\startup.o
FSMC_ITConfig                                     ..\Libraries\libBSP.a(stm32f4xx_fsmc.o)
FSMC_NANDCmd                                      ..\Libraries\libBSP.a(stm32f4xx_fsmc.o)
FSMC_NANDDeInit                                   ..\Libraries\libBSP.a(stm32f4xx_fsmc.o)
FSMC_NANDECCCmd                                   ..\Libraries\libBSP.a(stm32f4xx_fsmc.o)
FSMC_NANDInit                                     ..\Libraries\libBSP.a(stm32f4xx_fsmc.o)
FSMC_NANDStructInit                               ..\Libraries\libBSP.a(stm32f4xx_fsmc.o)
FSMC_NORSRAMCmd                                   ..\Libraries\libBSP.a(stm32f4xx_fsmc.o)
                                                  ..\Libraries\libBSP.a(carme.o)
FSMC_NORSRAMDeInit                                ..\Libraries\libBSP.a(stm32f4xx_fsmc.o)
                                                  ..\Libraries\libBSP.a(carme.o)
FSMC_NORSRAMInit                                  ..\Libraries\libBSP.a(stm32f4xx_fsmc.o)
                                                  ..\Libraries\libBSP.a(carme.o)
FSMC_NORSRAMStructInit                            ..\Libraries\libBSP.a(stm32f4xx_fsmc.o)
FSMC_PCCARDCmd                                    ..\Libraries\libBSP.a(stm32f4xx_fsmc.o)
FSMC_PCCARDDeInit                                 ..\Libraries\libBSP.a(stm32f4xx_fsmc.o)
FSMC_PCCARDInit                                   ..\Libraries\libBSP.a(stm32f4xx_fsmc.o)
FSMC_PCCARDStructInit                             ..\Libraries\libBSP.a(stm32f4xx_fsmc.o)
GPIO_DeInit                                       ..\Libraries\libBSP.a(stm32f4xx_gpio.o)
                                                  ..\Libraries\libBSP.a(carme.o)
GPIO_Init                                         ..\Libraries\libBSP.a(stm32f4xx_gpio.o)
                                                  ..\Libraries\libBSP.a(carme.o)
                                                  ..\Libraries\libBSP.a(can.o)
GPIO_PinAFConfig                                  ..\Libraries\libBSP.a(stm32f4xx_gpio.o)
                                                  ..\Libraries\libBSP.a(carme.o)
GPIO_PinLockConfig                                ..\Libraries\libBSP.a(stm32f4xx_gpio.o)
GPIO_ReadInputData                                ..\Libraries\libBSP.a(stm32f4xx_gpio.o)
GPIO_ReadInputDataBit                             ..\Libraries\libBSP.a(stm32f4xx_gpio.o)
                                                  ..\Libraries\libBSP.a(carme.o)
GPIO_ReadOutputData                               ..\Libraries\libBSP.a(stm32f4xx_gpio.o)
GPIO_ReadOutputDataBit                            ..\Libraries\libBSP.a(stm32f4xx_gpio.o)
                                                  ..\Libraries\libBSP.a(carme.o)
GPIO_ResetBits                                    ..\Libraries\libBSP.a(stm32f4xx_gpio.o)
GPIO_SetBits                                      ..\Libraries\libBSP.a(stm32f4xx_gpio.o)
GPIO_StructInit                                   ..\Libraries\libBSP.a(stm32f4xx_gpio.o)
                                                  ..\Libraries\libBSP.a(carme.o)
                                                  ..\Libraries\libBSP.a(can.o)
GPIO_ToggleBits                                   ..\Libraries\libBSP.a(stm32f4xx_gpio.o)
GPIO_Write                                        ..\Libraries\libBSP.a(stm32f4xx_gpio.o)
GPIO_WriteBit                                     ..\Libraries\libBSP.a(stm32f4xx_gpio.o)
                                                  ..\Libraries\libBSP.a(carme.o)
HASH_RNG_IRQHandler                               src\startup.o
HardFault_Handler                                 src\stm32f4xx_it.o
I2C1_ER_IRQHandler                                src\startup.o
I2C1_EV_IRQHandler                                src\startup.o
I2C2_ER_IRQHandler                                src\startup.o
I2C2_EV_IRQHandler                                src\startup.o
I2C3_ER_IRQHandler                                src\startup.o
I2C3_EV_IRQHandler                                src\startup.o
MemManage_Handler                                 src\stm32f4xx_it.o
NMI_Handler                                       src\stm32f4xx_it.o
NVIC_Init                                         ..\Libraries\libBSP.a(misc.o)
                                                  ..\Libraries\libBSP.a(can.o)
NVIC_PriorityGroupConfig                          ..\Libraries\libBSP.a(misc.o)
NVIC_SetVectorTable                               ..\Libraries\libBSP.a(misc.o)
NVIC_SystemLPConfig                               ..\Libraries\libBSP.a(misc.o)
OTG_FS_IRQHandler                                 src\startup.o
OTG_FS_WKUP_IRQHandler                            src\startup.o
OTG_HS_EP1_IN_IRQHandler                          src\startup.o
OTG_HS_EP1_OUT_IRQHandler                         src\startup.o
OTG_HS_IRQHandler                                 src\startup.o
OTG_HS_WKUP_IRQHandler                            src\startup.o
PVD_IRQHandler                                    src\startup.o
PendSV_Handler                                    src\stm32f4xx_it.o
RCC_AHB1PeriphClockCmd                            ..\Libraries\libBSP.a(stm32f4xx_rcc.o)
                                                  ..\Libraries\libBSP.a(carme.o)
RCC_AHB1PeriphClockLPModeCmd                      ..\Libraries\libBSP.a(stm32f4xx_rcc.o)
RCC_AHB1PeriphResetCmd                            ..\Libraries\libBSP.a(stm32f4xx_rcc.o)
                                                  ..\Libraries\libBSP.a(stm32f4xx_gpio.o)
RCC_AHB2PeriphClockCmd                            ..\Libraries\libBSP.a(stm32f4xx_rcc.o)
RCC_AHB2PeriphClockLPModeCmd                      ..\Libraries\libBSP.a(stm32f4xx_rcc.o)
RCC_AHB2PeriphResetCmd                            ..\Libraries\libBSP.a(stm32f4xx_rcc.o)
RCC_AHB3PeriphClockCmd                            ..\Libraries\libBSP.a(stm32f4xx_rcc.o)
                                                  ..\Libraries\libBSP.a(carme.o)
RCC_AHB3PeriphClockLPModeCmd                      ..\Libraries\libBSP.a(stm32f4xx_rcc.o)
RCC_AHB3PeriphResetCmd                            ..\Libraries\libBSP.a(stm32f4xx_rcc.o)
RCC_APB1PeriphClockCmd                            ..\Libraries\libBSP.a(stm32f4xx_rcc.o)
                                                  src\delay.o
RCC_APB1PeriphClockLPModeCmd                      ..\Libraries\libBSP.a(stm32f4xx_rcc.o)
RCC_APB1PeriphResetCmd                            ..\Libraries\libBSP.a(stm32f4xx_rcc.o)
                                                  ..\Libraries\libBSP.a(stm32f4xx_usart.o)
                                                  ..\Libraries\libBSP.a(stm32f4xx_tim.o)
RCC_APB2PeriphClockCmd                            ..\Libraries\libBSP.a(stm32f4xx_rcc.o)
                                                  ..\Libraries\libBSP.a(carme.o)
RCC_APB2PeriphClockLPModeCmd                      ..\Libraries\libBSP.a(stm32f4xx_rcc.o)
RCC_APB2PeriphResetCmd                            ..\Libraries\libBSP.a(stm32f4xx_rcc.o)
                                                  ..\Libraries\libBSP.a(stm32f4xx_usart.o)
                                                  ..\Libraries\libBSP.a(stm32f4xx_tim.o)
                                                  ..\Libraries\libBSP.a(stm32f4xx_syscfg.o)
RCC_AdjustHSICalibrationValue                     ..\Libraries\libBSP.a(stm32f4xx_rcc.o)
RCC_BackupResetCmd                                ..\Libraries\libBSP.a(stm32f4xx_rcc.o)
RCC_ClearFlag                                     ..\Libraries\libBSP.a(stm32f4xx_rcc.o)
RCC_ClearITPendingBit                             ..\Libraries\libBSP.a(stm32f4xx_rcc.o)
RCC_ClockSecuritySystemCmd                        ..\Libraries\libBSP.a(stm32f4xx_rcc.o)
RCC_DeInit                                        ..\Libraries\libBSP.a(stm32f4xx_rcc.o)
RCC_GetClocksFreq                                 ..\Libraries\libBSP.a(stm32f4xx_rcc.o)
                                                  ..\Libraries\libBSP.a(stm32f4xx_usart.o)
RCC_GetFlagStatus                                 ..\Libraries\libBSP.a(stm32f4xx_rcc.o)
RCC_GetITStatus                                   ..\Libraries\libBSP.a(stm32f4xx_rcc.o)
RCC_GetSYSCLKSource                               ..\Libraries\libBSP.a(stm32f4xx_rcc.o)
RCC_HCLKConfig                                    ..\Libraries\libBSP.a(stm32f4xx_rcc.o)
RCC_HSEConfig                                     ..\Libraries\libBSP.a(stm32f4xx_rcc.o)
RCC_HSICmd                                        ..\Libraries\libBSP.a(stm32f4xx_rcc.o)
RCC_I2SCLKConfig                                  ..\Libraries\libBSP.a(stm32f4xx_rcc.o)
RCC_IRQHandler                                    src\startup.o
RCC_ITConfig                                      ..\Libraries\libBSP.a(stm32f4xx_rcc.o)
RCC_LSEConfig                                     ..\Libraries\libBSP.a(stm32f4xx_rcc.o)
RCC_LSICmd                                        ..\Libraries\libBSP.a(stm32f4xx_rcc.o)
RCC_LTDCCLKDivConfig                              ..\Libraries\libBSP.a(stm32f4xx_rcc.o)
RCC_MCO1Config                                    ..\Libraries\libBSP.a(stm32f4xx_rcc.o)
RCC_MCO2Config                                    ..\Libraries\libBSP.a(stm32f4xx_rcc.o)
RCC_PCLK1Config                                   ..\Libraries\libBSP.a(stm32f4xx_rcc.o)
RCC_PCLK2Config                                   ..\Libraries\libBSP.a(stm32f4xx_rcc.o)
RCC_PLLCmd                                        ..\Libraries\libBSP.a(stm32f4xx_rcc.o)
RCC_PLLConfig                                     ..\Libraries\libBSP.a(stm32f4xx_rcc.o)
RCC_PLLI2SCmd                                     ..\Libraries\libBSP.a(stm32f4xx_rcc.o)
RCC_PLLI2SConfig                                  ..\Libraries\libBSP.a(stm32f4xx_rcc.o)
RCC_PLLSAICmd                                     ..\Libraries\libBSP.a(stm32f4xx_rcc.o)
RCC_PLLSAIConfig                                  ..\Libraries\libBSP.a(stm32f4xx_rcc.o)
RCC_RTCCLKCmd                                     ..\Libraries\libBSP.a(stm32f4xx_rcc.o)
RCC_RTCCLKConfig                                  ..\Libraries\libBSP.a(stm32f4xx_rcc.o)
RCC_SAIBlockACLKConfig                            ..\Libraries\libBSP.a(stm32f4xx_rcc.o)
RCC_SAIBlockBCLKConfig                            ..\Libraries\libBSP.a(stm32f4xx_rcc.o)
RCC_SAIPLLI2SClkDivConfig                         ..\Libraries\libBSP.a(stm32f4xx_rcc.o)
RCC_SAIPLLSAIClkDivConfig                         ..\Libraries\libBSP.a(stm32f4xx_rcc.o)
RCC_SYSCLKConfig                                  ..\Libraries\libBSP.a(stm32f4xx_rcc.o)
RCC_TIMCLKPresConfig                              ..\Libraries\libBSP.a(stm32f4xx_rcc.o)
RCC_WaitForHSEStartUp                             ..\Libraries\libBSP.a(stm32f4xx_rcc.o)
RTC_Alarm_IRQHandler                              src\startup.o
RTC_WKUP_IRQHandler                               src\startup.o
Reset_Handler                                     src\startup.o
SDIO_IRQHandler                                   src\startup.o
SPI1_IRQHandler                                   src\startup.o
SPI2_IRQHandler                                   src\startup.o
SPI3_IRQHandler                                   src\startup.o
SVC_Handler                                       src\stm32f4xx_it.o
SYSCFG_CompensationCellCmd                        ..\Libraries\libBSP.a(stm32f4xx_syscfg.o)
SYSCFG_DeInit                                     ..\Libraries\libBSP.a(stm32f4xx_syscfg.o)
SYSCFG_ETH_MediaInterfaceConfig                   ..\Libraries\libBSP.a(stm32f4xx_syscfg.o)
SYSCFG_EXTILineConfig                             ..\Libraries\libBSP.a(stm32f4xx_syscfg.o)
                                                  ..\Libraries\libBSP.a(can.o)
SYSCFG_GetCompensationCellStatus                  ..\Libraries\libBSP.a(stm32f4xx_syscfg.o)
SYSCFG_MemoryRemapConfig                          ..\Libraries\libBSP.a(stm32f4xx_syscfg.o)
SYSCFG_MemorySwappingBank                         ..\Libraries\libBSP.a(stm32f4xx_syscfg.o)
SysTick_CLKSourceConfig                           ..\Libraries\libBSP.a(misc.o)
SysTick_Handler                                   src\stm32f4xx_it.o
SystemCoreClock                                   ..\Libraries\libBSP.a(system_stm32f4xx.o)
SystemCoreClockUpdate                             ..\Libraries\libBSP.a(system_stm32f4xx.o)
SystemInit                                        ..\Libraries\libBSP.a(system_stm32f4xx.o)
                                                  src\startup.o
TAMP_STAMP_IRQHandler                             src\startup.o
TIM1_BRK_TIM9_IRQHandler                          src\startup.o
TIM1_CC_IRQHandler                                src\startup.o
TIM1_TRG_COM_TIM11_IRQHandler                     src\startup.o
TIM1_UP_TIM10_IRQHandler                          src\startup.o
TIM2_IRQHandler                                   src\startup.o
TIM3_IRQHandler                                   src\startup.o
TIM4_IRQHandler                                   src\startup.o
TIM5_IRQHandler                                   src\startup.o
TIM6_DAC_IRQHandler                               src\startup.o
TIM7_IRQHandler                                   src\delay.o
                                                  src\startup.o
TIM8_BRK_TIM12_IRQHandler                         src\startup.o
TIM8_CC_IRQHandler                                src\startup.o
TIM8_TRG_COM_TIM14_IRQHandler                     src\startup.o
TIM8_UP_TIM13_IRQHandler                          src\startup.o
TIM_ARRPreloadConfig                              ..\Libraries\libBSP.a(stm32f4xx_tim.o)
TIM_BDTRConfig                                    ..\Libraries\libBSP.a(stm32f4xx_tim.o)
TIM_BDTRStructInit                                ..\Libraries\libBSP.a(stm32f4xx_tim.o)
TIM_CCPreloadControl                              ..\Libraries\libBSP.a(stm32f4xx_tim.o)
TIM_CCxCmd                                        ..\Libraries\libBSP.a(stm32f4xx_tim.o)
TIM_CCxNCmd                                       ..\Libraries\libBSP.a(stm32f4xx_tim.o)
TIM_ClearFlag                                     ..\Libraries\libBSP.a(stm32f4xx_tim.o)
                                                  src\delay.o
TIM_ClearITPendingBit                             ..\Libraries\libBSP.a(stm32f4xx_tim.o)
TIM_ClearOC1Ref                                   ..\Libraries\libBSP.a(stm32f4xx_tim.o)
TIM_ClearOC2Ref                                   ..\Libraries\libBSP.a(stm32f4xx_tim.o)
TIM_ClearOC3Ref                                   ..\Libraries\libBSP.a(stm32f4xx_tim.o)
TIM_ClearOC4Ref                                   ..\Libraries\libBSP.a(stm32f4xx_tim.o)
TIM_Cmd                                           ..\Libraries\libBSP.a(stm32f4xx_tim.o)
                                                  src\delay.o
TIM_CounterModeConfig                             ..\Libraries\libBSP.a(stm32f4xx_tim.o)
TIM_CtrlPWMOutputs                                ..\Libraries\libBSP.a(stm32f4xx_tim.o)
TIM_DMACmd                                        ..\Libraries\libBSP.a(stm32f4xx_tim.o)
TIM_DMAConfig                                     ..\Libraries\libBSP.a(stm32f4xx_tim.o)
TIM_DeInit                                        ..\Libraries\libBSP.a(stm32f4xx_tim.o)
TIM_ETRClockMode1Config                           ..\Libraries\libBSP.a(stm32f4xx_tim.o)
TIM_ETRClockMode2Config                           ..\Libraries\libBSP.a(stm32f4xx_tim.o)
TIM_ETRConfig                                     ..\Libraries\libBSP.a(stm32f4xx_tim.o)
TIM_EncoderInterfaceConfig                        ..\Libraries\libBSP.a(stm32f4xx_tim.o)
TIM_ForcedOC1Config                               ..\Libraries\libBSP.a(stm32f4xx_tim.o)
TIM_ForcedOC2Config                               ..\Libraries\libBSP.a(stm32f4xx_tim.o)
TIM_ForcedOC3Config                               ..\Libraries\libBSP.a(stm32f4xx_tim.o)
TIM_ForcedOC4Config                               ..\Libraries\libBSP.a(stm32f4xx_tim.o)
TIM_GenerateEvent                                 ..\Libraries\libBSP.a(stm32f4xx_tim.o)
TIM_GetCapture1                                   ..\Libraries\libBSP.a(stm32f4xx_tim.o)
TIM_GetCapture2                                   ..\Libraries\libBSP.a(stm32f4xx_tim.o)
TIM_GetCapture3                                   ..\Libraries\libBSP.a(stm32f4xx_tim.o)
TIM_GetCapture4                                   ..\Libraries\libBSP.a(stm32f4xx_tim.o)
TIM_GetCounter                                    ..\Libraries\libBSP.a(stm32f4xx_tim.o)
TIM_GetFlagStatus                                 ..\Libraries\libBSP.a(stm32f4xx_tim.o)
TIM_GetITStatus                                   ..\Libraries\libBSP.a(stm32f4xx_tim.o)
TIM_GetPrescaler                                  ..\Libraries\libBSP.a(stm32f4xx_tim.o)
TIM_ICInit                                        ..\Libraries\libBSP.a(stm32f4xx_tim.o)
TIM_ICStructInit                                  ..\Libraries\libBSP.a(stm32f4xx_tim.o)
TIM_ITConfig                                      ..\Libraries\libBSP.a(stm32f4xx_tim.o)
                                                  src\delay.o
TIM_ITRxExternalClockConfig                       ..\Libraries\libBSP.a(stm32f4xx_tim.o)
TIM_InternalClockConfig                           ..\Libraries\libBSP.a(stm32f4xx_tim.o)
TIM_OC1FastConfig                                 ..\Libraries\libBSP.a(stm32f4xx_tim.o)
TIM_OC1Init                                       ..\Libraries\libBSP.a(stm32f4xx_tim.o)
TIM_OC1NPolarityConfig                            ..\Libraries\libBSP.a(stm32f4xx_tim.o)
TIM_OC1PolarityConfig                             ..\Libraries\libBSP.a(stm32f4xx_tim.o)
TIM_OC1PreloadConfig                              ..\Libraries\libBSP.a(stm32f4xx_tim.o)
TIM_OC2FastConfig                                 ..\Libraries\libBSP.a(stm32f4xx_tim.o)
TIM_OC2Init                                       ..\Libraries\libBSP.a(stm32f4xx_tim.o)
TIM_OC2NPolarityConfig                            ..\Libraries\libBSP.a(stm32f4xx_tim.o)
TIM_OC2PolarityConfig                             ..\Libraries\libBSP.a(stm32f4xx_tim.o)
TIM_OC2PreloadConfig                              ..\Libraries\libBSP.a(stm32f4xx_tim.o)
TIM_OC3FastConfig                                 ..\Libraries\libBSP.a(stm32f4xx_tim.o)
TIM_OC3Init                                       ..\Libraries\libBSP.a(stm32f4xx_tim.o)
TIM_OC3NPolarityConfig                            ..\Libraries\libBSP.a(stm32f4xx_tim.o)
TIM_OC3PolarityConfig                             ..\Libraries\libBSP.a(stm32f4xx_tim.o)
TIM_OC3PreloadConfig                              ..\Libraries\libBSP.a(stm32f4xx_tim.o)
TIM_OC4FastConfig                                 ..\Libraries\libBSP.a(stm32f4xx_tim.o)
TIM_OC4Init                                       ..\Libraries\libBSP.a(stm32f4xx_tim.o)
TIM_OC4PolarityConfig                             ..\Libraries\libBSP.a(stm32f4xx_tim.o)
TIM_OC4PreloadConfig                              ..\Libraries\libBSP.a(stm32f4xx_tim.o)
TIM_OCStructInit                                  ..\Libraries\libBSP.a(stm32f4xx_tim.o)
TIM_PWMIConfig                                    ..\Libraries\libBSP.a(stm32f4xx_tim.o)
TIM_PrescalerConfig                               ..\Libraries\libBSP.a(stm32f4xx_tim.o)
TIM_RemapConfig                                   ..\Libraries\libBSP.a(stm32f4xx_tim.o)
TIM_SelectCCDMA                                   ..\Libraries\libBSP.a(stm32f4xx_tim.o)
TIM_SelectCOM                                     ..\Libraries\libBSP.a(stm32f4xx_tim.o)
TIM_SelectHallSensor                              ..\Libraries\libBSP.a(stm32f4xx_tim.o)
TIM_SelectInputTrigger                            ..\Libraries\libBSP.a(stm32f4xx_tim.o)
TIM_SelectMasterSlaveMode                         ..\Libraries\libBSP.a(stm32f4xx_tim.o)
TIM_SelectOCxM                                    ..\Libraries\libBSP.a(stm32f4xx_tim.o)
TIM_SelectOnePulseMode                            ..\Libraries\libBSP.a(stm32f4xx_tim.o)
TIM_SelectOutputTrigger                           ..\Libraries\libBSP.a(stm32f4xx_tim.o)
TIM_SelectSlaveMode                               ..\Libraries\libBSP.a(stm32f4xx_tim.o)
TIM_SetAutoreload                                 ..\Libraries\libBSP.a(stm32f4xx_tim.o)
TIM_SetClockDivision                              ..\Libraries\libBSP.a(stm32f4xx_tim.o)
TIM_SetCompare1                                   ..\Libraries\libBSP.a(stm32f4xx_tim.o)
TIM_SetCompare2                                   ..\Libraries\libBSP.a(stm32f4xx_tim.o)
TIM_SetCompare3                                   ..\Libraries\libBSP.a(stm32f4xx_tim.o)
TIM_SetCompare4                                   ..\Libraries\libBSP.a(stm32f4xx_tim.o)
TIM_SetCounter                                    ..\Libraries\libBSP.a(stm32f4xx_tim.o)
TIM_SetIC1Prescaler                               ..\Libraries\libBSP.a(stm32f4xx_tim.o)
TIM_SetIC2Prescaler                               ..\Libraries\libBSP.a(stm32f4xx_tim.o)
TIM_SetIC3Prescaler                               ..\Libraries\libBSP.a(stm32f4xx_tim.o)
TIM_SetIC4Prescaler                               ..\Libraries\libBSP.a(stm32f4xx_tim.o)
TIM_TIxExternalClockConfig                        ..\Libraries\libBSP.a(stm32f4xx_tim.o)
TIM_TimeBaseInit                                  ..\Libraries\libBSP.a(stm32f4xx_tim.o)
                                                  src\delay.o
TIM_TimeBaseStructInit                            ..\Libraries\libBSP.a(stm32f4xx_tim.o)
                                                  src\delay.o
TIM_UpdateDisableConfig                           ..\Libraries\libBSP.a(stm32f4xx_tim.o)
TIM_UpdateRequestConfig                           ..\Libraries\libBSP.a(stm32f4xx_tim.o)
UART4_IRQHandler                                  src\startup.o
UART5_IRQHandler                                  src\startup.o
USART1_IRQHandler                                 src\startup.o
USART2_IRQHandler                                 src\startup.o
USART3_IRQHandler                                 src\startup.o
USART6_IRQHandler                                 src\startup.o
USART_ClearFlag                                   ..\Libraries\libBSP.a(stm32f4xx_usart.o)
USART_ClearITPendingBit                           ..\Libraries\libBSP.a(stm32f4xx_usart.o)
USART_ClockInit                                   ..\Libraries\libBSP.a(stm32f4xx_usart.o)
USART_ClockStructInit                             ..\Libraries\libBSP.a(stm32f4xx_usart.o)
USART_Cmd                                         ..\Libraries\libBSP.a(stm32f4xx_usart.o)
USART_DMACmd                                      ..\Libraries\libBSP.a(stm32f4xx_usart.o)
USART_DeInit                                      ..\Libraries\libBSP.a(stm32f4xx_usart.o)
USART_GetFlagStatus                               ..\Libraries\libBSP.a(stm32f4xx_usart.o)
                                                  src\syscalls.o
USART_GetITStatus                                 ..\Libraries\libBSP.a(stm32f4xx_usart.o)
USART_HalfDuplexCmd                               ..\Libraries\libBSP.a(stm32f4xx_usart.o)
USART_ITConfig                                    ..\Libraries\libBSP.a(stm32f4xx_usart.o)
USART_Init                                        ..\Libraries\libBSP.a(stm32f4xx_usart.o)
USART_IrDACmd                                     ..\Libraries\libBSP.a(stm32f4xx_usart.o)
USART_IrDAConfig                                  ..\Libraries\libBSP.a(stm32f4xx_usart.o)
USART_LINBreakDetectLengthConfig                  ..\Libraries\libBSP.a(stm32f4xx_usart.o)
USART_LINCmd                                      ..\Libraries\libBSP.a(stm32f4xx_usart.o)
USART_OneBitMethodCmd                             ..\Libraries\libBSP.a(stm32f4xx_usart.o)
USART_OverSampling8Cmd                            ..\Libraries\libBSP.a(stm32f4xx_usart.o)
USART_ReceiveData                                 ..\Libraries\libBSP.a(stm32f4xx_usart.o)
                                                  src\syscalls.o
USART_ReceiverWakeUpCmd                           ..\Libraries\libBSP.a(stm32f4xx_usart.o)
USART_SendBreak                                   ..\Libraries\libBSP.a(stm32f4xx_usart.o)
USART_SendData                                    ..\Libraries\libBSP.a(stm32f4xx_usart.o)
                                                  src\syscalls.o
USART_SetAddress                                  ..\Libraries\libBSP.a(stm32f4xx_usart.o)
USART_SetGuardTime                                ..\Libraries\libBSP.a(stm32f4xx_usart.o)
USART_SetPrescaler                                ..\Libraries\libBSP.a(stm32f4xx_usart.o)
USART_SmartCardCmd                                ..\Libraries\libBSP.a(stm32f4xx_usart.o)
USART_SmartCardNACKCmd                            ..\Libraries\libBSP.a(stm32f4xx_usart.o)
USART_StructInit                                  ..\Libraries\libBSP.a(stm32f4xx_usart.o)
USART_WakeUpConfig                                ..\Libraries\libBSP.a(stm32f4xx_usart.o)
UsageFault_Handler                                src\stm32f4xx_it.o
WWDG_IRQHandler                                   src\startup.o
_Min_Heap_Size                                    src\syscalls.o
__deregister_frame_info                           c:/apps/atollic/truestudio for arm 5.5.1/armtools/bin/../lib/gcc/arm-atollic-eabi/5.3.1/armv7e-m/softfp/crtbegin.o
__dso_handle                                      c:/apps/atollic/truestudio for arm 5.5.1/armtools/bin/../lib/gcc/arm-atollic-eabi/5.3.1/armv7e-m/softfp/crtbegin.o
__env                                             src\syscalls.o
__init_array_end                                  c:/apps/atollic/truestudio for arm 5.5.1/armtools/bin/../lib/gcc/arm-atollic-eabi/5.3.1/../../../../arm-atollic-eabi/lib/armv7e-m/softfp\libc_nano.a(lib_a-init.o)
__init_array_start                                c:/apps/atollic/truestudio for arm 5.5.1/armtools/bin/../lib/gcc/arm-atollic-eabi/5.3.1/../../../../arm-atollic-eabi/lib/armv7e-m/softfp\libc_nano.a(lib_a-init.o)
__libc_init_array                                 c:/apps/atollic/truestudio for arm 5.5.1/armtools/bin/../lib/gcc/arm-atollic-eabi/5.3.1/../../../../arm-atollic-eabi/lib/armv7e-m/softfp\libc_nano.a(lib_a-init.o)
                                                  src\startup.o
__malloc_free_list                                c:/apps/atollic/truestudio for arm 5.5.1/armtools/bin/../lib/gcc/arm-atollic-eabi/5.3.1/../../../../arm-atollic-eabi/lib/armv7e-m/softfp\libc_nano.a(lib_a-nano-mallocr.o)
                                                  c:/apps/atollic/truestudio for arm 5.5.1/armtools/bin/../lib/gcc/arm-atollic-eabi/5.3.1/../../../../arm-atollic-eabi/lib/armv7e-m/softfp\libc_nano.a(lib_a-nano-freer.o)
__malloc_lock                                     c:/apps/atollic/truestudio for arm 5.5.1/armtools/bin/../lib/gcc/arm-atollic-eabi/5.3.1/../../../../arm-atollic-eabi/lib/armv7e-m/softfp\libc_nano.a(lib_a-mlock.o)
                                                  c:/apps/atollic/truestudio for arm 5.5.1/armtools/bin/../lib/gcc/arm-atollic-eabi/5.3.1/../../../../arm-atollic-eabi/lib/armv7e-m/softfp\libc_nano.a(lib_a-nano-mallocr.o)
                                                  c:/apps/atollic/truestudio for arm 5.5.1/armtools/bin/../lib/gcc/arm-atollic-eabi/5.3.1/../../../../arm-atollic-eabi/lib/armv7e-m/softfp\libc_nano.a(lib_a-nano-freer.o)
__malloc_sbrk_start                               c:/apps/atollic/truestudio for arm 5.5.1/armtools/bin/../lib/gcc/arm-atollic-eabi/5.3.1/../../../../arm-atollic-eabi/lib/armv7e-m/softfp\libc_nano.a(lib_a-nano-mallocr.o)
__malloc_unlock                                   c:/apps/atollic/truestudio for arm 5.5.1/armtools/bin/../lib/gcc/arm-atollic-eabi/5.3.1/../../../../arm-atollic-eabi/lib/armv7e-m/softfp\libc_nano.a(lib_a-mlock.o)
                                                  c:/apps/atollic/truestudio for arm 5.5.1/armtools/bin/../lib/gcc/arm-atollic-eabi/5.3.1/../../../../arm-atollic-eabi/lib/armv7e-m/softfp\libc_nano.a(lib_a-nano-mallocr.o)
                                                  c:/apps/atollic/truestudio for arm 5.5.1/armtools/bin/../lib/gcc/arm-atollic-eabi/5.3.1/../../../../arm-atollic-eabi/lib/armv7e-m/softfp\libc_nano.a(lib_a-nano-freer.o)
__preinit_array_end                               c:/apps/atollic/truestudio for arm 5.5.1/armtools/bin/../lib/gcc/arm-atollic-eabi/5.3.1/../../../../arm-atollic-eabi/lib/armv7e-m/softfp\libc_nano.a(lib_a-init.o)
__preinit_array_start                             c:/apps/atollic/truestudio for arm 5.5.1/armtools/bin/../lib/gcc/arm-atollic-eabi/5.3.1/../../../../arm-atollic-eabi/lib/armv7e-m/softfp\libc_nano.a(lib_a-init.o)
__register_frame_info                             c:/apps/atollic/truestudio for arm 5.5.1/armtools/bin/../lib/gcc/arm-atollic-eabi/5.3.1/armv7e-m/softfp/crtbegin.o
__sf_fake_stderr                                  c:/apps/atollic/truestudio for arm 5.5.1/armtools/bin/../lib/gcc/arm-atollic-eabi/5.3.1/../../../../arm-atollic-eabi/lib/armv7e-m/softfp\libc_nano.a(lib_a-impure.o)
__sf_fake_stdin                                   c:/apps/atollic/truestudio for arm 5.5.1/armtools/bin/../lib/gcc/arm-atollic-eabi/5.3.1/../../../../arm-atollic-eabi/lib/armv7e-m/softfp\libc_nano.a(lib_a-impure.o)
__sf_fake_stdout                                  c:/apps/atollic/truestudio for arm 5.5.1/armtools/bin/../lib/gcc/arm-atollic-eabi/5.3.1/../../../../arm-atollic-eabi/lib/armv7e-m/softfp\libc_nano.a(lib_a-impure.o)
_close                                            src\syscalls.o
_ebss                                             src\startup.o
_edata                                            src\startup.o
_estack                                           src\startup.o
_execve                                           src\syscalls.o
_exit                                             src\syscalls.o
_fini                                             c:/apps/atollic/truestudio for arm 5.5.1/armtools/bin/../lib/gcc/arm-atollic-eabi/5.3.1/armv7e-m/softfp/crti.o
_fork                                             src\syscalls.o
_free_r                                           c:/apps/atollic/truestudio for arm 5.5.1/armtools/bin/../lib/gcc/arm-atollic-eabi/5.3.1/../../../../arm-atollic-eabi/lib/armv7e-m/softfp\libc_nano.a(lib_a-nano-freer.o)
                                                  c:/apps/atollic/truestudio for arm 5.5.1/armtools/bin/../lib/gcc/arm-atollic-eabi/5.3.1/../../../../arm-atollic-eabi/lib/armv7e-m/softfp\libc_nano.a(lib_a-reent.o)
_fstat                                            src\syscalls.o
_getpid                                           src\syscalls.o
_global_impure_ptr                                c:/apps/atollic/truestudio for arm 5.5.1/armtools/bin/../lib/gcc/arm-atollic-eabi/5.3.1/../../../../arm-atollic-eabi/lib/armv7e-m/softfp\libc_nano.a(lib_a-impure.o)
_impure_ptr                                       c:/apps/atollic/truestudio for arm 5.5.1/armtools/bin/../lib/gcc/arm-atollic-eabi/5.3.1/../../../../arm-atollic-eabi/lib/armv7e-m/softfp\libc_nano.a(lib_a-impure.o)
                                                  c:/apps/atollic/truestudio for arm 5.5.1/armtools/bin/../lib/gcc/arm-atollic-eabi/5.3.1/../../../../arm-atollic-eabi/lib/armv7e-m/softfp\libc_nano.a(lib_a-reent.o)
_init                                             c:/apps/atollic/truestudio for arm 5.5.1/armtools/bin/../lib/gcc/arm-atollic-eabi/5.3.1/armv7e-m/softfp/crti.o
                                                  c:/apps/atollic/truestudio for arm 5.5.1/armtools/bin/../lib/gcc/arm-atollic-eabi/5.3.1/../../../../arm-atollic-eabi/lib/armv7e-m/softfp\libc_nano.a(lib_a-init.o)
_isatty                                           src\syscalls.o
_kill                                             src\syscalls.o
_link                                             src\syscalls.o
_lseek                                            src\syscalls.o
_malloc_r                                         c:/apps/atollic/truestudio for arm 5.5.1/armtools/bin/../lib/gcc/arm-atollic-eabi/5.3.1/../../../../arm-atollic-eabi/lib/armv7e-m/softfp\libc_nano.a(lib_a-nano-mallocr.o)
_open                                             src\syscalls.o
_read                                             src\syscalls.o
_reclaim_reent                                    c:/apps/atollic/truestudio for arm 5.5.1/armtools/bin/../lib/gcc/arm-atollic-eabi/5.3.1/../../../../arm-atollic-eabi/lib/armv7e-m/softfp\libc_nano.a(lib_a-reent.o)
_sbrk                                             src\syscalls.o
                                                  c:/apps/atollic/truestudio for arm 5.5.1/armtools/bin/../lib/gcc/arm-atollic-eabi/5.3.1/../../../../arm-atollic-eabi/lib/armv7e-m/softfp\libc_nano.a(lib_a-sbrkr.o)
_sbrk_r                                           c:/apps/atollic/truestudio for arm 5.5.1/armtools/bin/../lib/gcc/arm-atollic-eabi/5.3.1/../../../../arm-atollic-eabi/lib/armv7e-m/softfp\libc_nano.a(lib_a-sbrkr.o)
                                                  c:/apps/atollic/truestudio for arm 5.5.1/armtools/bin/../lib/gcc/arm-atollic-eabi/5.3.1/../../../../arm-atollic-eabi/lib/armv7e-m/softfp\libc_nano.a(lib_a-nano-mallocr.o)
_sbss                                             src\startup.o
_sdata                                            src\startup.o
_sidata                                           src\startup.o
_stat                                             src\syscalls.o
_times                                            src\syscalls.o
_unlink                                           src\syscalls.o
_wait                                             src\syscalls.o
_write                                            src\syscalls.o
                                                  src\tiny_printf.o
cleanup_glue                                      c:/apps/atollic/truestudio for arm 5.5.1/armtools/bin/../lib/gcc/arm-atollic-eabi/5.3.1/../../../../arm-atollic-eabi/lib/armv7e-m/softfp\libc_nano.a(lib_a-reent.o)
delay                                             src\delay.o
end                                               src\syscalls.o
environ                                           src\syscalls.o
errno                                             c:/apps/atollic/truestudio for arm 5.5.1/armtools/bin/../lib/gcc/arm-atollic-eabi/5.3.1/../../../../arm-atollic-eabi/lib/armv7e-m/softfp\libc_nano.a(lib_a-reent.o)
                                                  c:/apps/atollic/truestudio for arm 5.5.1/armtools/bin/../lib/gcc/arm-atollic-eabi/5.3.1/../../../../arm-atollic-eabi/lib/armv7e-m/softfp\libc_nano.a(lib_a-sbrkr.o)
                                                  src\syscalls.o
fiprintf                                          src\tiny_printf.o
fprintf                                           src\tiny_printf.o
fputs                                             src\tiny_printf.o
fwrite                                            src\tiny_printf.o
g_pfnVectors                                      src\startup.o
initDelayFuctions                                 src\delay.o
                                                  src\main.o
initialise_monitor_handles                        src\syscalls.o
iprintf                                           src\tiny_printf.o
loopDelay                                         src\delay.o
                                                  src\main.o
main                                              src\main.o
                                                  src\startup.o
mainFSM                                           src\main.o
memcpy                                            c:/apps/atollic/truestudio for arm 5.5.1/armtools/bin/../lib/gcc/arm-atollic-eabi/5.3.1/../../../../arm-atollic-eabi/lib/armv7e-m/softfp\libc.a(lib_a-memcpy-stub.o)
                                                  ..\Libraries\libBSP.a(carme.o)
memset                                            c:/apps/atollic/truestudio for arm 5.5.1/armtools/bin/../lib/gcc/arm-atollic-eabi/5.3.1/../../../../arm-atollic-eabi/lib/armv7e-m/softfp\libc.a(lib_a-memset.o)
                                                  ..\Libraries\libBSP.a(can.o)
printf                                            src\tiny_printf.o
puts                                              src\tiny_printf.o
siprintf                                          src\tiny_printf.o
sprintf                                           src\tiny_printf.o
statesMainMenu                                    src\main.o
strlen                                            c:/apps/atollic/truestudio for arm 5.5.1/armtools/bin/../lib/gcc/arm-atollic-eabi/5.3.1/../../../../arm-atollic-eabi/lib/armv7e-m/softfp\libc_nano.a(lib_a-strlen.o)
                                                  src\tiny_printf.o
ts_formatlength                                   src\tiny_printf.o
ts_formatstring                                   src\tiny_printf.o
ts_itoa                                           src\tiny_printf.o
vApplicationMallocFailedHook                      src\startup.o
vApplicationStackOverflowHook                     src\startup.o
