Archive member included to satisfy reference by file (symbol)

c:/apps/atollic/truestudio for arm 5.5.1/armtools/bin/../lib/gcc/arm-atollic-eabi/5.3.1/../../../../arm-atollic-eabi/lib/armv7e-m/softfp\libc_nano.a(lib_a-init.o)
                              src\startup.o (__libc_init_array)
c:/apps/atollic/truestudio for arm 5.5.1/armtools/bin/../lib/gcc/arm-atollic-eabi/5.3.1/../../../../arm-atollic-eabi/lib/armv7e-m/softfp\libc_nano.a(lib_a-reent.o)
                              src\syscalls.o (errno)
c:/apps/atollic/truestudio for arm 5.5.1/armtools/bin/../lib/gcc/arm-atollic-eabi/5.3.1/../../../../arm-atollic-eabi/lib/armv7e-m/softfp\libc_nano.a(lib_a-snprintf.o)
                              src\gyro.o (snprintf)
c:/apps/atollic/truestudio for arm 5.5.1/armtools/bin/../lib/gcc/arm-atollic-eabi/5.3.1/../../../../arm-atollic-eabi/lib/armv7e-m/softfp\libc_nano.a(lib_a-strlen.o)
                              src\tiny_printf.o (strlen)
c:/apps/atollic/truestudio for arm 5.5.1/armtools/bin/../lib/gcc/arm-atollic-eabi/5.3.1/../../../../arm-atollic-eabi/lib/armv7e-m/softfp\libc_nano.a(lib_a-strncpy.o)
                              src\nmea.o (strncpy)
c:/apps/atollic/truestudio for arm 5.5.1/armtools/bin/../lib/gcc/arm-atollic-eabi/5.3.1/../../../../arm-atollic-eabi/lib/armv7e-m/softfp\libc_nano.a(lib_a-impure.o)
                              c:/apps/atollic/truestudio for arm 5.5.1/armtools/bin/../lib/gcc/arm-atollic-eabi/5.3.1/../../../../arm-atollic-eabi/lib/armv7e-m/softfp\libc_nano.a(lib_a-reent.o) (_impure_ptr)
c:/apps/atollic/truestudio for arm 5.5.1/armtools/bin/../lib/gcc/arm-atollic-eabi/5.3.1/../../../../arm-atollic-eabi/lib/armv7e-m/softfp\libc_nano.a(lib_a-nano-freer.o)
                              c:/apps/atollic/truestudio for arm 5.5.1/armtools/bin/../lib/gcc/arm-atollic-eabi/5.3.1/../../../../arm-atollic-eabi/lib/armv7e-m/softfp\libc_nano.a(lib_a-reent.o) (_free_r)
c:/apps/atollic/truestudio for arm 5.5.1/armtools/bin/../lib/gcc/arm-atollic-eabi/5.3.1/../../../../arm-atollic-eabi/lib/armv7e-m/softfp\libc_nano.a(lib_a-nano-mallocr.o)
                              c:/apps/atollic/truestudio for arm 5.5.1/armtools/bin/../lib/gcc/arm-atollic-eabi/5.3.1/../../../../arm-atollic-eabi/lib/armv7e-m/softfp\libc_nano.a(lib_a-nano-freer.o) (__malloc_free_list)
c:/apps/atollic/truestudio for arm 5.5.1/armtools/bin/../lib/gcc/arm-atollic-eabi/5.3.1/../../../../arm-atollic-eabi/lib/armv7e-m/softfp\libc_nano.a(lib_a-nano-svfprintf.o)
                              c:/apps/atollic/truestudio for arm 5.5.1/armtools/bin/../lib/gcc/arm-atollic-eabi/5.3.1/../../../../arm-atollic-eabi/lib/armv7e-m/softfp\libc_nano.a(lib_a-snprintf.o) (_svfprintf_r)
c:/apps/atollic/truestudio for arm 5.5.1/armtools/bin/../lib/gcc/arm-atollic-eabi/5.3.1/../../../../arm-atollic-eabi/lib/armv7e-m/softfp\libc_nano.a(lib_a-nano-vfprintf_i.o)
                              c:/apps/atollic/truestudio for arm 5.5.1/armtools/bin/../lib/gcc/arm-atollic-eabi/5.3.1/../../../../arm-atollic-eabi/lib/armv7e-m/softfp\libc_nano.a(lib_a-nano-svfprintf.o) (_printf_i)
c:/apps/atollic/truestudio for arm 5.5.1/armtools/bin/../lib/gcc/arm-atollic-eabi/5.3.1/../../../../arm-atollic-eabi/lib/armv7e-m/softfp\libc_nano.a(lib_a-sbrkr.o)
                              c:/apps/atollic/truestudio for arm 5.5.1/armtools/bin/../lib/gcc/arm-atollic-eabi/5.3.1/../../../../arm-atollic-eabi/lib/armv7e-m/softfp\libc_nano.a(lib_a-nano-mallocr.o) (_sbrk_r)
c:/apps/atollic/truestudio for arm 5.5.1/armtools/bin/../lib/gcc/arm-atollic-eabi/5.3.1/../../../../arm-atollic-eabi/lib/armv7e-m/softfp\libc_nano.a(lib_a-memchr.o)
                              c:/apps/atollic/truestudio for arm 5.5.1/armtools/bin/../lib/gcc/arm-atollic-eabi/5.3.1/../../../../arm-atollic-eabi/lib/armv7e-m/softfp\libc_nano.a(lib_a-nano-svfprintf.o) (memchr)
c:/apps/atollic/truestudio for arm 5.5.1/armtools/bin/../lib/gcc/arm-atollic-eabi/5.3.1/../../../../arm-atollic-eabi/lib/armv7e-m/softfp\libc_nano.a(lib_a-memcpy-stub.o)
                              c:/apps/atollic/truestudio for arm 5.5.1/armtools/bin/../lib/gcc/arm-atollic-eabi/5.3.1/../../../../arm-atollic-eabi/lib/armv7e-m/softfp\libc_nano.a(lib_a-nano-svfprintf.o) (memcpy)
c:/apps/atollic/truestudio for arm 5.5.1/armtools/bin/../lib/gcc/arm-atollic-eabi/5.3.1/../../../../arm-atollic-eabi/lib/armv7e-m/softfp\libc_nano.a(lib_a-memmove.o)
                              c:/apps/atollic/truestudio for arm 5.5.1/armtools/bin/../lib/gcc/arm-atollic-eabi/5.3.1/../../../../arm-atollic-eabi/lib/armv7e-m/softfp\libc_nano.a(lib_a-nano-svfprintf.o) (memmove)
c:/apps/atollic/truestudio for arm 5.5.1/armtools/bin/../lib/gcc/arm-atollic-eabi/5.3.1/../../../../arm-atollic-eabi/lib/armv7e-m/softfp\libc_nano.a(lib_a-mlock.o)
                              c:/apps/atollic/truestudio for arm 5.5.1/armtools/bin/../lib/gcc/arm-atollic-eabi/5.3.1/../../../../arm-atollic-eabi/lib/armv7e-m/softfp\libc_nano.a(lib_a-nano-freer.o) (__malloc_lock)
[...]
Memory Configuration

Name             Origin             Length             Attributes
FLASH            0x08000000         0x00100000         xr
RAM              0x20000000         0x00020000         xrw
MEMORY_B1        0x60000000         0x00000000         xr
CCMRAM           0x10000000         0x00010000         rw
*default*        0x00000000         0xffffffff

Linker script and memory map

LOAD c:/apps/atollic/truestudio for arm 5.5.1/armtools/bin/../lib/gcc/arm-atollic-eabi/5.3.1/armv7e-m/softfp/crti.o
LOAD c:/apps/atollic/truestudio for arm 5.5.1/armtools/bin/../lib/gcc/arm-atollic-eabi/5.3.1/armv7e-m/softfp/crtbegin.o
LOAD src\uart.o
LOAD src\tiny_printf.o
LOAD src\syscalls.o
LOAD src\stm32f4xx_it.o
LOAD src\startup.o
LOAD src\nmea.o
LOAD src\main.o
LOAD src\i2c_init.o
LOAD src\gyro.o
LOAD src\delay.o
LOAD src\accelero.o
START GROUP
LOAD c:/apps/atollic/truestudio for arm 5.5.1/armtools/bin/../lib/gcc/arm-atollic-eabi/5.3.1/../../../../arm-atollic-eabi/lib/armv7e-m/softfp\libc_nano.a
LOAD c:/apps/atollic/truestudio for arm 5.5.1/armtools/bin/../lib/gcc/arm-atollic-eabi/5.3.1/../../../../arm-atollic-eabi/lib/armv7e-m/softfp\libm.a
END GROUP
                0x00000080                malloc_getpagesize_P = 0x80
START GROUP
LOAD c:/apps/atollic/truestudio for arm 5.5.1/armtools/bin/../lib/gcc/arm-atollic-eabi/5.3.1/armv7e-m/softfp\libgcc.a
LOAD c:/apps/atollic/truestudio for arm 5.5.1/armtools/bin/../lib/gcc/arm-atollic-eabi/5.3.1/../../../../arm-atollic-eabi/lib/armv7e-m/softfp\libc_nano.a
END GROUP
START GROUP
LOAD c:/apps/atollic/truestudio for arm 5.5.1/armtools/bin/../lib/gcc/arm-atollic-eabi/5.3.1/armv7e-m/softfp\libgcc.a
LOAD c:/apps/atollic/truestudio for arm 5.5.1/armtools/bin/../lib/gcc/arm-atollic-eabi/5.3.1/../../../../arm-atollic-eabi/lib/armv7e-m/softfp\libc_nano.a
LOAD c:/apps/atollic/truestudio for arm 5.5.1/armtools/bin/../lib/gcc/arm-atollic-eabi/5.3.1/../../../../arm-atollic-eabi/lib/armv7e-m/softfp\libnosys.a
END GROUP
START GROUP
LOAD c:/apps/atollic/truestudio for arm 5.5.1/armtools/bin/../lib/gcc/arm-atollic-eabi/5.3.1/armv7e-m/softfp\libgcc.a
LOAD c:/apps/atollic/truestudio for arm 5.5.1/armtools/bin/../lib/gcc/arm-atollic-eabi/5.3.1/../../../../arm-atollic-eabi/lib/armv7e-m/softfp\libc_nano.a
LOAD c:/apps/atollic/truestudio for arm 5.5.1/armtools/bin/../lib/gcc/arm-atollic-eabi/5.3.1/../../../../arm-atollic-eabi/lib/armv7e-m/softfp\libnosys.a
END GROUP
LOAD c:/apps/atollic/truestudio for arm 5.5.1/armtools/bin/../lib/gcc/arm-atollic-eabi/5.3.1/armv7e-m/softfp/crtend.o
LOAD c:/apps/atollic/truestudio for arm 5.5.1/armtools/bin/../lib/gcc/arm-atollic-eabi/5.3.1/armv7e-m/softfp/crtn.o
LOAD ..\Libraries\libBSP.a
LOAD ..\Libraries\libsGUI.a
                0x20020000                _estack = 0x20020000
                0x00001000                _Min_Heap_Size = 0x1000
                0x00001000                _Min_Stack_Size = 0x1000

.isr_vector     0x08000000      0x188
                0x08000000                . = ALIGN (0x4)
 *(.isr_vector)
 .isr_vector    0x08000000      0x188 src\startup.o
                0x08000000                g_pfnVectors
                0x08000188                . = ALIGN (0x4)

.text           0x08000188     0x2c78
                0x08000188                . = ALIGN (0x4)
 *(.text)
 .text          0x08000188       0x40 c:/apps/atollic/truestudio for arm 5.5.1/armtools/bin/../lib/gcc/arm-atollic-eabi/5.3.1/armv7e-m/softfp/crtbegin.o
 *(.text*)
 .text.Init_USART1
                0x080001c8       0xe0 src\uart.o
                0x080001c8                Init_USART1
 .text.USART1_IRQHandler
                0x080002a8       0xa4 src\uart.o
                0x080002a8                USART1_IRQHandler
 .text.NMI_Handler
                0x0800034c       0x10 src\stm32f4xx_it.o
                0x0800034c                NMI_Handler
 .text.HardFault_Handler
                0x0800035c        0xc src\stm32f4xx_it.o
                0x0800035c                HardFault_Handler
 .text.MemManage_Handler
                0x08000368        0x8 src\stm32f4xx_it.o
                0x08000368                MemManage_Handler
 .text.BusFault_Handler
                0x08000370        0xc src\stm32f4xx_it.o
                0x08000370                BusFault_Handler
 .text.UsageFault_Handler
                0x0800037c        0xc src\stm32f4xx_it.o
                0x0800037c                UsageFault_Handler
 .text.SVC_Handler
                0x08000388       0x10 src\stm32f4xx_it.o
                0x08000388                SVC_Handler
 .text.DebugMon_Handler
                0x08000398       0x10 src\stm32f4xx_it.o
                0x08000398                DebugMon_Handler
 .text.PendSV_Handler
                0x080003a8       0x10 src\stm32f4xx_it.o
                0x080003a8                PendSV_Handler
 .text.SysTick_Handler
                0x080003b8       0x10 src\stm32f4xx_it.o
                0x080003b8                SysTick_Handler
 .text.EXTI0_IRQHandler
                0x080003c8       0x1c src\stm32f4xx_it.o
                0x080003c8                EXTI0_IRQHandler
 .text.EXTI9_5_IRQHandler
                0x080003e4       0x34 src\stm32f4xx_it.o
                0x080003e4                EXTI9_5_IRQHandler
 .text.EXTI15_10_IRQHandler
                0x08000418       0x34 src\stm32f4xx_it.o
                0x08000418                EXTI15_10_IRQHandler
 .text.Reset_Handler
                0x0800044c       0x4c src\startup.o
                0x0800044c                Reset_Handler
 .text.Default_Handler
                0x08000498       0x74 src\startup.o
                0x080004a0                RTC_Alarm_IRQHandler
                0x080004a0                HASH_RNG_IRQHandler
                0x080004a0                EXTI2_IRQHandler
                0x080004a0                TIM8_CC_IRQHandler
                0x080004a0                TIM1_CC_IRQHandler
                0x080004a0                DMA2_Stream5_IRQHandler
                0x080004a0                DMA1_Stream5_IRQHandler
                0x080004a0                PVD_IRQHandler
                0x080004a0                SDIO_IRQHandler
                0x080004a0                TAMP_STAMP_IRQHandler
                0x080004a0                CAN2_RX1_IRQHandler
                0x080004a0                EXTI3_IRQHandler
                0x080004a0                TIM8_TRG_COM_TIM14_IRQHandler
                0x080004a0                TIM1_UP_TIM10_IRQHandler
                0x080004a0                TIM8_UP_TIM13_IRQHandler
                0x080004a0                I2C3_ER_IRQHandler
                0x080004a0                I2C2_EV_IRQHandler
                0x080004a0                DMA1_Stream2_IRQHandler
                0x080004a0                CAN1_RX0_IRQHandler
                0x080004a0                FPU_IRQHandler
                0x080004a0                OTG_HS_WKUP_IRQHandler
                0x080004a0                CAN2_SCE_IRQHandler
                0x080004a0                DMA2_Stream2_IRQHandler
                0x080004a0                SPI1_IRQHandler
                0x080004a0                TIM6_DAC_IRQHandler
                0x080004a0                TIM1_BRK_TIM9_IRQHandler
                0x080004a0                DCMI_IRQHandler
                0x080004a0                CAN2_RX0_IRQHandler
                0x080004a0                DMA2_Stream3_IRQHandler
                0x080004a0                USART6_IRQHandler
                0x080004a0                USART3_IRQHandler
                0x080004a0                CRYP_IRQHandler
                0x080004a0                CAN1_RX1_IRQHandler
                0x080004a0                UART5_IRQHandler
                0x080004a0                DMA2_Stream0_IRQHandler
                0x080004a0                vApplicationMallocFailedHook
                0x080004a0                TIM4_IRQHandler
                0x080004a0                I2C1_EV_IRQHandler
                0x080004a0                DMA1_Stream6_IRQHandler
                0x080004a0                DMA1_Stream1_IRQHandler
                0x080004a0                UART4_IRQHandler
                0x080004a0                TIM3_IRQHandler
                0x080004a0                RCC_IRQHandler
                0x080004a0                TIM8_BRK_TIM12_IRQHandler
                0x080004a0                Default_Handler
                0x080004a0                ADC_IRQHandler
                0x080004a0                DMA1_Stream7_IRQHandler
                0x080004a0                CAN2_TX_IRQHandler
                0x080004a0                TIM5_IRQHandler
                0x080004a0                DMA2_Stream7_IRQHandler
                0x080004a0                I2C3_EV_IRQHandler
                0x080004a0                vApplicationStackOverflowHook
                0x080004a0                RTC_WKUP_IRQHandler
                0x080004a0                ETH_WKUP_IRQHandler
                0x080004a0                SPI2_IRQHandler
                0x080004a0                OTG_HS_EP1_IN_IRQHandler
                0x080004a0                DMA1_Stream0_IRQHandler
                0x080004a0                CAN1_TX_IRQHandler
                0x080004a0                EXTI4_IRQHandler
                0x080004a0                FSMC_IRQHandler
                0x080004a0                ETH_IRQHandler
                0x080004a0                OTG_HS_EP1_OUT_IRQHandler
                0x080004a0                WWDG_IRQHandler
                0x080004a0                TIM2_IRQHandler
                0x080004a0                OTG_FS_WKUP_IRQHandler
                0x080004a0                TIM1_TRG_COM_TIM11_IRQHandler
                0x080004a0                OTG_HS_IRQHandler
                0x080004a0                EXTI1_IRQHandler
                0x080004a0                USART2_IRQHandler
                0x080004a0                I2C2_ER_IRQHandler
                0x080004a0                DMA2_Stream1_IRQHandler
                0x080004a0                CAN1_SCE_IRQHandler
                0x080004a0                FLASH_IRQHandler
                0x080004a0                DMA2_Stream4_IRQHandler
                0x080004a0                OTG_FS_IRQHandler
                0x080004a0                SPI3_IRQHandler
                0x080004a0                DMA1_Stream4_IRQHandler
                0x080004a0                I2C1_ER_IRQHandler
                0x080004a0                DMA2_Stream6_IRQHandler
                0x080004a0                DMA1_Stream3_IRQHandler
 .text.LCD_Init
                0x0800050c        0xc src\main.o
 .text.main     0x08000518       0x38 src\main.o
                0x08000518                main
 .text.mainFSM  0x08000550       0x34 src\main.o
                0x08000550                mainFSM
 .text.Init_I2C2
                0x08000584       0xac src\i2c_init.o
                0x08000584                Init_I2C2
 .text.GyroInit
                0x08000630      0x1b4 src\gyro.o
                0x08000630                GyroInit
 .text.loopDelay
                0x080007e4       0x2c src\delay.o
                0x080007e4                loopDelay
 .text.TIM7_IRQHandler
                0x08000810       0x30 src\delay.o
                0x08000810                TIM7_IRQHandler
 .text.AcceleroInit
                0x08000840       0x78 src\accelero.o
                0x08000840                AcceleroInit
 .text.__libc_init_array
                0x080008b8       0x4c c:/apps/atollic/truestudio for arm 5.5.1/armtools/bin/../lib/gcc/arm-atollic-eabi/5.3.1/../../../../arm-atollic-eabi/lib/armv7e-m/softfp\libc_nano.a(lib_a-init.o)
                0x080008b8                __libc_init_array
 .text.memcpy   0x08000904       0x16 c:/apps/atollic/truestudio for arm 5.5.1/armtools/bin/../lib/gcc/arm-atollic-eabi/5.3.1/../../../../arm-atollic-eabi/lib/armv7e-m/softfp\libc_nano.a(lib_a-memcpy-stub.o)
                0x08000904                memcpy
 *fill*         0x0800091a        0x2 
 .text.CARME_CAN_Read_Register
                0x0800091c       0x30 ..\Libraries\libBSP.a(can.o)
 .text.CARME_CAN_Interrupt_Handler
                0x0800094c       0xf8 ..\Libraries\libBSP.a(can.o)
                0x0800094c                CARME_CAN_Interrupt_Handler
 .text.CARME_Init
                0x08000a44       0xc0 ..\Libraries\libBSP.a(carme.o)
                0x08000a44                CARME_Init
 .text.CARME_FSMC_GPIO_Init
                0x08000b04       0x54 ..\Libraries\libBSP.a(carme.o)
 .text.CARME_FSMC_Init
                0x08000b58      0x164 ..\Libraries\libBSP.a(carme.o)
 .text.CARME_AGPIO_Init
                0x08000cbc       0x24 ..\Libraries\libBSP.a(carme.o)
 .text.CARME_GPIO_Init
                0x08000ce0      0x1f4 ..\Libraries\libBSP.a(carme.o)
                0x08000ce0                CARME_GPIO_Init
 .text.CARME_I2C_Settings
                0x08000ed4       0x7c ..\Libraries\libBSP.a(i2c.o)
 .text.CARME_I2C_Timeout
                0x08000f50       0x30 ..\Libraries\libBSP.a(i2c.o)
 .text.CARME_I2C_Write
                0x08000f80      0x1c8 ..\Libraries\libBSP.a(i2c.o)
                0x08000f80                CARME_I2C_Write
 .text.CARME_I2C_Read
                0x08001148      0x2d0 ..\Libraries\libBSP.a(i2c.o)
                0x08001148                CARME_I2C_Read
 .text.SSD1963_WriteCommand
                0x08001418       0x1c ..\Libraries\libBSP.a(ssd1963.o)
 .text.SSD1963_WriteData
                0x08001434       0x1c ..\Libraries\libBSP.a(ssd1963.o)
 .text.SSD1963_ReadData
                0x08001450       0x18 ..\Libraries\libBSP.a(ssd1963.o)
 .text.SSD1963_DisplayOn
                0x08001468        0xc ..\Libraries\libBSP.a(ssd1963.o)
 .text.SSD1963_Delay
                0x08001474       0x34 ..\Libraries\libBSP.a(ssd1963.o)
 .text.SSD1963_Init
                0x080014a8      0x144 ..\Libraries\libBSP.a(ssd1963.o)
                0x080014a8                SSD1963_Init
 .text.SSD1963_SetArea
                0x080015ec       0x80 ..\Libraries\libBSP.a(ssd1963.o)
                0x080015ec                SSD1963_SetArea
 .text.SSD1963_FillArea
                0x0800166c       0x58 ..\Libraries\libBSP.a(ssd1963.o)
                0x0800166c                SSD1963_FillArea
 .text.SSD1963_GetDeviceDescriptorBlock
                0x080016c4       0x38 ..\Libraries\libBSP.a(ssd1963.o)
                0x080016c4                SSD1963_GetDeviceDescriptorBlock
 .text.SSD1963_LLD_Init
                0x080016fc       0x3c ..\Libraries\libBSP.a(ssd1963_lld.o)
                0x080016fc                SSD1963_LLD_Init
 .text.SystemInit
                0x08001738       0x68 ..\Libraries\libBSP.a(system_stm32f4xx.o)
                0x08001738                SystemInit
 .text.SetSysClock
                0x080017a0       0xf4 ..\Libraries\libBSP.a(system_stm32f4xx.o)
 .text.NVIC_Init
                0x08001894       0xbc ..\Libraries\libBSP.a(misc.o)
                0x08001894                NVIC_Init
 .text.EXTI_GetITStatus
                0x08001950       0x34 ..\Libraries\libBSP.a(stm32f4xx_exti.o)
                0x08001950                EXTI_GetITStatus
 .text.EXTI_ClearITPendingBit
                0x08001984       0x1c ..\Libraries\libBSP.a(stm32f4xx_exti.o)
                0x08001984                EXTI_ClearITPendingBit
 .text.FSMC_NORSRAMDeInit
                0x080019a0       0x58 ..\Libraries\libBSP.a(stm32f4xx_fsmc.o)
                0x080019a0                FSMC_NORSRAMDeInit
 .text.FSMC_NORSRAMInit
                0x080019f8      0x134 ..\Libraries\libBSP.a(stm32f4xx_fsmc.o)
                0x080019f8                FSMC_NORSRAMInit
 .text.FSMC_NORSRAMCmd
                0x08001b2c       0x54 ..\Libraries\libBSP.a(stm32f4xx_fsmc.o)
                0x08001b2c                FSMC_NORSRAMCmd
 .text.GPIO_DeInit
                0x08001b80      0x164 ..\Libraries\libBSP.a(stm32f4xx_gpio.o)
                0x08001b80                GPIO_DeInit
 .text.GPIO_Init
                0x08001ce4      0x11c ..\Libraries\libBSP.a(stm32f4xx_gpio.o)
                0x08001ce4                GPIO_Init
 .text.GPIO_StructInit
                0x08001e00       0x34 ..\Libraries\libBSP.a(stm32f4xx_gpio.o)
                0x08001e00                GPIO_StructInit
 .text.GPIO_WriteBit
                0x08001e34       0x30 ..\Libraries\libBSP.a(stm32f4xx_gpio.o)
                0x08001e34                GPIO_WriteBit
 .text.GPIO_PinAFConfig
                0x08001e64       0x8c ..\Libraries\libBSP.a(stm32f4xx_gpio.o)
                0x08001e64                GPIO_PinAFConfig
 .text.I2C_DeInit
                0x08001ef0       0x74 ..\Libraries\libBSP.a(stm32f4xx_i2c.o)
                0x08001ef0                I2C_DeInit
 .text.I2C_Init
                0x08001f64      0x184 ..\Libraries\libBSP.a(stm32f4xx_i2c.o)
                0x08001f64                I2C_Init
 .text.I2C_StructInit
                0x080020e8       0x3c ..\Libraries\libBSP.a(stm32f4xx_i2c.o)
                0x080020e8                I2C_StructInit
 .text.I2C_Cmd  0x08002124       0x40 ..\Libraries\libBSP.a(stm32f4xx_i2c.o)
                0x08002124                I2C_Cmd
 .text.I2C_GenerateSTART
                0x08002164       0x40 ..\Libraries\libBSP.a(stm32f4xx_i2c.o)
                0x08002164                I2C_GenerateSTART
 .text.I2C_GenerateSTOP
                0x080021a4       0x40 ..\Libraries\libBSP.a(stm32f4xx_i2c.o)
                0x080021a4                I2C_GenerateSTOP
 .text.I2C_Send7bitAddress
                0x080021e4       0x3c ..\Libraries\libBSP.a(stm32f4xx_i2c.o)
                0x080021e4                I2C_Send7bitAddress
 .text.I2C_AcknowledgeConfig
                0x08002220       0x40 ..\Libraries\libBSP.a(stm32f4xx_i2c.o)
                0x08002220                I2C_AcknowledgeConfig
 .text.I2C_SoftwareResetCmd
                0x08002260       0x44 ..\Libraries\libBSP.a(stm32f4xx_i2c.o)
                0x08002260                I2C_SoftwareResetCmd
 .text.I2C_SendData
                0x080022a4       0x20 ..\Libraries\libBSP.a(stm32f4xx_i2c.o)
                0x080022a4                I2C_SendData
 .text.I2C_ReceiveData
                0x080022c4       0x1c ..\Libraries\libBSP.a(stm32f4xx_i2c.o)
                0x080022c4                I2C_ReceiveData
 .text.I2C_CheckEvent
                0x080022e0       0x60 ..\Libraries\libBSP.a(stm32f4xx_i2c.o)
                0x080022e0                I2C_CheckEvent
 .text.I2C_GetFlagStatus
                0x08002340       0x68 ..\Libraries\libBSP.a(stm32f4xx_i2c.o)
                0x08002340                I2C_GetFlagStatus
 .text.I2C_ClearFlag
                0x080023a8       0x2c ..\Libraries\libBSP.a(stm32f4xx_i2c.o)
                0x080023a8                I2C_ClearFlag
 .text.RCC_GetClocksFreq
                0x080023d4      0x154 ..\Libraries\libBSP.a(stm32f4xx_rcc.o)
                0x080023d4                RCC_GetClocksFreq
 .text.RCC_AHB1PeriphClockCmd
                0x08002528       0x3c ..\Libraries\libBSP.a(stm32f4xx_rcc.o)
                0x08002528                RCC_AHB1PeriphClockCmd
 .text.RCC_AHB3PeriphClockCmd
                0x08002564       0x3c ..\Libraries\libBSP.a(stm32f4xx_rcc.o)
                0x08002564                RCC_AHB3PeriphClockCmd
 .text.RCC_APB1PeriphClockCmd
                0x080025a0       0x3c ..\Libraries\libBSP.a(stm32f4xx_rcc.o)
                0x080025a0                RCC_APB1PeriphClockCmd
 .text.RCC_APB2PeriphClockCmd
                0x080025dc       0x3c ..\Libraries\libBSP.a(stm32f4xx_rcc.o)
                0x080025dc                RCC_APB2PeriphClockCmd
 .text.RCC_AHB1PeriphResetCmd
                0x08002618       0x3c ..\Libraries\libBSP.a(stm32f4xx_rcc.o)
                0x08002618                RCC_AHB1PeriphResetCmd
 .text.RCC_APB1PeriphResetCmd
                0x08002654       0x3c ..\Libraries\libBSP.a(stm32f4xx_rcc.o)
                0x08002654                RCC_APB1PeriphResetCmd
 .text.RCC_APB2PeriphResetCmd
                0x08002690       0x3c ..\Libraries\libBSP.a(stm32f4xx_rcc.o)
                0x08002690                RCC_APB2PeriphResetCmd
 .text.TIM_ClearFlag
                0x080026cc       0x20 ..\Libraries\libBSP.a(stm32f4xx_tim.o)
                0x080026cc                TIM_ClearFlag
 .text.USART_DeInit
                0x080026ec      0x114 ..\Libraries\libBSP.a(stm32f4xx_usart.o)
                0x080026ec                USART_DeInit
 .text.USART_Init
                0x08002800      0x174 ..\Libraries\libBSP.a(stm32f4xx_usart.o)
                0x08002800                USART_Init
 .text.USART_StructInit
                0x08002974       0x38 ..\Libraries\libBSP.a(stm32f4xx_usart.o)
                0x08002974                USART_StructInit
 .text.USART_ClockInit
                0x080029ac       0x54 ..\Libraries\libBSP.a(stm32f4xx_usart.o)
                0x080029ac                USART_ClockInit
 .text.USART_ClockStructInit
                0x08002a00       0x2c ..\Libraries\libBSP.a(stm32f4xx_usart.o)
                0x08002a00                USART_ClockStructInit
 .text.USART_Cmd
                0x08002a2c       0x40 ..\Libraries\libBSP.a(stm32f4xx_usart.o)
                0x08002a2c                USART_Cmd
 .text.USART_ITConfig
                0x08002a6c       0x90 ..\Libraries\libBSP.a(stm32f4xx_usart.o)
                0x08002a6c                USART_ITConfig
 .text.USART_ClearFlag
                0x08002afc       0x20 ..\Libraries\libBSP.a(stm32f4xx_usart.o)
                0x08002afc                USART_ClearFlag
 .text.USART_GetITStatus
                0x08002b1c       0xb0 ..\Libraries\libBSP.a(stm32f4xx_usart.o)
                0x08002b1c                USART_GetITStatus
 .text.USART_ClearITPendingBit
                0x08002bcc       0x38 ..\Libraries\libBSP.a(stm32f4xx_usart.o)
                0x08002bcc                USART_ClearITPendingBit
 .text.LCD_SetTextColor
                0x08002c04       0x20 ..\Libraries\libsGUI.a(text.o)
                0x08002c04                LCD_SetTextColor
 .text.LCD_SetFont
                0x08002c24       0x1c ..\Libraries\libsGUI.a(text.o)
                0x08002c24                LCD_SetFont
 *(.rodata)
 .rodata        0x08002c40      0x1a8 ..\Libraries\libBSP.a(carme.o)
 *(.rodata*)
 *(.glue_7)
 .glue_7        0x08002de8        0x0 linker stubs
 *(.glue_7t)
 .glue_7t       0x08002de8        0x0 linker stubs
 *(.eh_frame)
 .eh_frame      0x08002de8        0x0 c:/apps/atollic/truestudio for arm 5.5.1/armtools/bin/../lib/gcc/arm-atollic-eabi/5.3.1/armv7e-m/softfp/crtbegin.o
 *(.init)
 .init          0x08002de8        0x4 c:/apps/atollic/truestudio for arm 5.5.1/armtools/bin/../lib/gcc/arm-atollic-eabi/5.3.1/armv7e-m/softfp/crti.o
                0x08002de8                _init
 .init          0x08002dec        0x8 c:/apps/atollic/truestudio for arm 5.5.1/armtools/bin/../lib/gcc/arm-atollic-eabi/5.3.1/armv7e-m/softfp/crtn.o
 *(.fini)
 .fini          0x08002df4        0x4 c:/apps/atollic/truestudio for arm 5.5.1/armtools/bin/../lib/gcc/arm-atollic-eabi/5.3.1/armv7e-m/softfp/crti.o
                0x08002df4                _fini
 .fini          0x08002df8        0x8 c:/apps/atollic/truestudio for arm 5.5.1/armtools/bin/../lib/gcc/arm-atollic-eabi/5.3.1/armv7e-m/softfp/crtn.o
                0x08002e00                . = ALIGN (0x4)
                0x08002e00                _etext = .

.vfp11_veneer   0x08002e00        0x0
 .vfp11_veneer  0x08002e00        0x0 linker stubs

.v4_bx          0x08002e00        0x0
 .v4_bx         0x08002e00        0x0 linker stubs

.iplt           0x08002e00        0x0
 .iplt          0x08002e00        0x0 c:/apps/atollic/truestudio for arm 5.5.1/armtools/bin/../lib/gcc/arm-atollic-eabi/5.3.1/armv7e-m/softfp/crtbegin.o

.rel.dyn        0x08002e00        0x0
 .rel.iplt      0x08002e00        0x0 c:/apps/atollic/truestudio for arm 5.5.1/armtools/bin/../lib/gcc/arm-atollic-eabi/5.3.1/armv7e-m/softfp/crtbegin.o

.ARM.extab
 *(.ARM.extab* .gnu.linkonce.armextab.*)

.ARM            0x08002e00        0x0
                0x08002e00                __exidx_start = .
 *(.ARM.exidx*)
                0x08002e00                __exidx_end = .

.preinit_array  0x08002e00        0x0
                0x08002e00                PROVIDE (__preinit_array_start, .)
 *(.preinit_array*)
                0x08002e00                PROVIDE (__preinit_array_end, .)

.init_array     0x08002e00        0x4
                0x08002e00                PROVIDE (__init_array_start, .)
 *(SORT(.init_array.*))
 *(.init_array*)
 .init_array    0x08002e00        0x4 c:/apps/atollic/truestudio for arm 5.5.1/armtools/bin/../lib/gcc/arm-atollic-eabi/5.3.1/armv7e-m/softfp/crtbegin.o
                0x08002e04                PROVIDE (__init_array_end, .)

.fini_array     0x08002e04        0x4
                [!provide]                PROVIDE (__fini_array_start, .)
 *(SORT(.fini_array.*))
 *(.fini_array*)
 .fini_array    0x08002e04        0x4 c:/apps/atollic/truestudio for arm 5.5.1/armtools/bin/../lib/gcc/arm-atollic-eabi/5.3.1/armv7e-m/softfp/crtbegin.o
                [!provide]                PROVIDE (__fini_array_end, .)
                0x08002e08                _sidata = LOADADDR (.data)

.data           0x20000000      0x498 load address 0x08002e08
                0x20000000                . = ALIGN (0x4)
                0x20000000                _sdata = .
 *(.data)
 *(.data*)
 .data.SJA1000_CMD
                0x20000000        0x4 ..\Libraries\libBSP.a(can.o)
 .data.SJA1000_DATA
                0x20000004        0x4 ..\Libraries\libBSP.a(can.o)
 .data.CARME_AGPIO_Port_Pin
                0x20000008       0xa0 ..\Libraries\libBSP.a(carme.o)
 .data.LCD_Port_Pin
                0x200000a8       0x10 ..\Libraries\libBSP.a(ssd1963_lld.o)
 .data.APBAHBPrescTable
                0x200000b8       0x10 ..\Libraries\libBSP.a(stm32f4xx_rcc.o)
 .data.font_5x7_data
                0x200000c8      0x1dc ..\Libraries\libsGUI.a(font.o)
 .data.font_5x7
                0x200002a4        0x8 ..\Libraries\libsGUI.a(font.o)
                0x200002a4                font_5x7
 .data.font_5x8_data
                0x200002ac      0x1dc ..\Libraries\libsGUI.a(font.o)
 .data.font_5x8
                0x20000488        0x8 ..\Libraries\libsGUI.a(font.o)
                0x20000488                font_5x8
 .data.TextColor
                0x20000490        0x2 ..\Libraries\libsGUI.a(text.o)
 *fill*         0x20000492        0x2 
 .data.CurrentFont
                0x20000494        0x4 ..\Libraries\libsGUI.a(text.o)
                0x20000498                . = ALIGN (0x4)
                0x20000498                _edata = .
                0x080032a0                _siccmram = LOADADDR (.ccmram)

.igot.plt       0x20000498        0x0 load address 0x080032a0
 .igot.plt      0x20000498        0x0 c:/apps/atollic/truestudio for arm 5.5.1/armtools/bin/../lib/gcc/arm-atollic-eabi/5.3.1/armv7e-m/softfp/crtbegin.o

.ccmram         0x10000000        0x0 load address 0x080032a0
                0x10000000                . = ALIGN (0x4)
                0x10000000                _sccmram = .
 *(.ccmram)
 *(.ccmram*)
                0x10000000                . = ALIGN (0x4)
                0x10000000                _eccmram = .
                0x10000000                . = ALIGN (0x4)

.bss            0x20000498       0xf0
                0x20000498                _sbss = .
                0x20000498                __bss_start__ = _sbss
 *(.bss)
 .bss           0x20000498       0x1c c:/apps/atollic/truestudio for arm 5.5.1/armtools/bin/../lib/gcc/arm-atollic-eabi/5.3.1/armv7e-m/softfp/crtbegin.o
 *(.bss*)
 .bss.NMEAStringReadyFlag
                0x200004b4        0x1 src\uart.o
                0x200004b4                NMEAStringReadyFlag
 .bss.cnt.7713  0x200004b5        0x1 src\uart.o
 .bss.NMEA_start.7715
                0x200004b6        0x1 src\uart.o
 .bss.statesMain
                0x200004b7        0x1 src\main.o
                0x200004b7                statesMain
 .bss.cntLoopDelay
                0x200004b8        0x4 src\delay.o
 .bss.cntDelay  0x200004bc        0x4 src\delay.o
 .bss.CARME_CAN_IRQCallbacks
                0x200004c0       0x20 ..\Libraries\libBSP.a(can.o)
 .bss.I2C_InitStruct
                0x200004e0       0x20 ..\Libraries\libBSP.a(i2c.o)
 .bss.deviceDescriptorBlock
                0x20000500        0x8 ..\Libraries\libBSP.a(ssd1963.o)
 *(COMMON)
 COMMON         0x20000508       0x7e src\uart.o
                0x20000508                NMEA_string
                0x20000580                Y_RawError
                0x20000582                X_RawError
                0x20000584                Z_RawError
 COMMON         0x20000586        0x1 src\gyro.o
                0x20000586                err_code
                0x20000588                . = ALIGN (0x4)
 *fill*         0x20000587        0x1 
                0x20000588                _ebss = .
                0x20000588                __bss_end__ = _ebss

._user_heap_stack
                0x20000588     0x2000
                0x20000588                . = ALIGN (0x4)
                0x20000588                PROVIDE (end, .)
                [!provide]                PROVIDE (_end, .)
                0x20001588                . = (. + _Min_Heap_Size)
 *fill*         0x20000588     0x1000 
                0x20002588                . = (. + _Min_Stack_Size)
 *fill*         0x20001588     0x1000 
                0x20002588                . = ALIGN (0x4)

.memory_b1_text
 *(.mb1text)
 *(.mb1text*)
 *(.mb1rodata)
 *(.mb1rodata*)

/DISCARD/
 libc.a(*)
 libm.a(*)
 libgcc.a(*)

.ARM.attributes
                0x00000000       0x2c
 *(.ARM.attributes)
 .ARM.attributes
                0x00000000       0x22 c:/apps/atollic/truestudio for arm 5.5.1/armtools/bin/../lib/gcc/arm-atollic-eabi/5.3.1/armv7e-m/softfp/crti.o
 .ARM.attributes
                0x00000022       0x32 c:/apps/atollic/truestudio for arm 5.5.1/armtools/bin/../lib/gcc/arm-atollic-eabi/5.3.1/armv7e-m/softfp/crtbegin.o
 .ARM.attributes
                0x00000054       0x37 src\uart.o
 .ARM.attributes
                0x0000008b       0x37 src\stm32f4xx_it.o
 .ARM.attributes
                0x000000c2       0x21 src\startup.o
 .ARM.attributes
                0x000000e3       0x37 src\main.o
 .ARM.attributes
                0x0000011a       0x37 src\i2c_init.o
 .ARM.attributes
                0x00000151       0x37 src\gyro.o
 .ARM.attributes
                0x00000188       0x37 src\delay.o
 .ARM.attributes
                0x000001bf       0x37 src\accelero.o
 .ARM.attributes
                0x000001f6       0x32 c:/apps/atollic/truestudio for arm 5.5.1/armtools/bin/../lib/gcc/arm-atollic-eabi/5.3.1/../../../../arm-atollic-eabi/lib/armv7e-m/softfp\libc_nano.a(lib_a-init.o)
 .ARM.attributes
                0x00000228       0x32 c:/apps/atollic/truestudio for arm 5.5.1/armtools/bin/../lib/gcc/arm-atollic-eabi/5.3.1/../../../../arm-atollic-eabi/lib/armv7e-m/softfp\libc_nano.a(lib_a-memcpy-stub.o)
 .ARM.attributes
                0x0000025a       0x22 c:/apps/atollic/truestudio for arm 5.5.1/armtools/bin/../lib/gcc/arm-atollic-eabi/5.3.1/armv7e-m/softfp/crtn.o
 .ARM.attributes
                0x0000027c       0x37 ..\Libraries\libBSP.a(can.o)
 .ARM.attributes
                0x000002b3       0x37 ..\Libraries\libBSP.a(carme.o)
 .ARM.attributes
                0x000002ea       0x37 ..\Libraries\libBSP.a(i2c.o)
 .ARM.attributes
                0x00000321       0x37 ..\Libraries\libBSP.a(ssd1963.o)
 .ARM.attributes
                0x00000358       0x37 ..\Libraries\libBSP.a(ssd1963_lld.o)
 .ARM.attributes
                0x0000038f       0x37 ..\Libraries\libBSP.a(system_stm32f4xx.o)
 .ARM.attributes
                0x000003c6       0x37 ..\Libraries\libBSP.a(misc.o)
 .ARM.attributes
                0x000003fd       0x37 ..\Libraries\libBSP.a(stm32f4xx_exti.o)
 .ARM.attributes
                0x00000434       0x37 ..\Libraries\libBSP.a(stm32f4xx_fsmc.o)
 .ARM.attributes
                0x0000046b       0x37 ..\Libraries\libBSP.a(stm32f4xx_gpio.o)
 .ARM.attributes
                0x000004a2       0x37 ..\Libraries\libBSP.a(stm32f4xx_i2c.o)
 .ARM.attributes
                0x000004d9       0x37 ..\Libraries\libBSP.a(stm32f4xx_rcc.o)
 .ARM.attributes
                0x00000510       0x37 ..\Libraries\libBSP.a(stm32f4xx_tim.o)
 .ARM.attributes
                0x00000547       0x37 ..\Libraries\libBSP.a(stm32f4xx_usart.o)
 .ARM.attributes
                0x0000057e       0x37 ..\Libraries\libsGUI.a(font.o)
 .ARM.attributes
                0x000005b5       0x37 ..\Libraries\libsGUI.a(text.o)
OUTPUT(GPS_Main.elf elf32-littlearm)

.debug_info     0x00000000     0xa58a
 .debug_info    0x00000000      0x7bc src\uart.o
 .debug_info    0x000007bc      0x249 src\stm32f4xx_it.o
 .debug_info    0x00000a05       0x8c src\startup.o
 .debug_info    0x00000a91      0x24c src\main.o
 .debug_info    0x00000cdd      0x45e src\i2c_init.o
 .debug_info    0x0000113b      0x409 src\gyro.o
 .debug_info    0x00001544      0x7b5 src\delay.o
 .debug_info    0x00001cf9      0x388 src\accelero.o
 .debug_info    0x00002081      0xae4 ..\Libraries\libBSP.a(can.o)
 .debug_info    0x00002b65      0x695 ..\Libraries\libBSP.a(carme.o)
 .debug_info    0x000031fa      0x66c ..\Libraries\libBSP.a(i2c.o)
 .debug_info    0x00003866      0x3d7 ..\Libraries\libBSP.a(ssd1963.o)
 .debug_info    0x00003c3d      0x314 ..\Libraries\libBSP.a(ssd1963_lld.o)
 .debug_info    0x00003f51      0x5c0 ..\Libraries\libBSP.a(system_stm32f4xx.o)
 .debug_info    0x00004511      0x541 ..\Libraries\libBSP.a(misc.o)
 .debug_info    0x00004a52      0x33c ..\Libraries\libBSP.a(stm32f4xx_exti.o)
 .debug_info    0x00004d8e      0x8f9 ..\Libraries\libBSP.a(stm32f4xx_fsmc.o)
 .debug_info    0x00005687      0x609 ..\Libraries\libBSP.a(stm32f4xx_gpio.o)
 .debug_info    0x00005c90      0xb8b ..\Libraries\libBSP.a(stm32f4xx_i2c.o)
 .debug_info    0x0000681b      0xe06 ..\Libraries\libBSP.a(stm32f4xx_rcc.o)
 .debug_info    0x00007621     0x1c65 ..\Libraries\libBSP.a(stm32f4xx_tim.o)
 .debug_info    0x00009286      0x9c6 ..\Libraries\libBSP.a(stm32f4xx_usart.o)
 .debug_info    0x00009c4c      0x491 ..\Libraries\libsGUI.a(font.o)
 .debug_info    0x0000a0dd      0x4ad ..\Libraries\libsGUI.a(text.o)

.debug_abbrev   0x00000000     0x20af
 .debug_abbrev  0x00000000      0x148 src\uart.o
 .debug_abbrev  0x00000148      0x108 src\stm32f4xx_it.o
 .debug_abbrev  0x00000250       0x12 src\startup.o
 .debug_abbrev  0x00000262      0x115 src\main.o
 .debug_abbrev  0x00000377      0x114 src\i2c_init.o
 .debug_abbrev  0x0000048b      0x10c src\gyro.o
 .debug_abbrev  0x00000597      0x1cd src\delay.o
 .debug_abbrev  0x00000764      0x105 src\accelero.o
 .debug_abbrev  0x00000869      0x25e ..\Libraries\libBSP.a(can.o)
 .debug_abbrev  0x00000ac7      0x1c0 ..\Libraries\libBSP.a(carme.o)
 .debug_abbrev  0x00000c87      0x1f5 ..\Libraries\libBSP.a(i2c.o)
 .debug_abbrev  0x00000e7c      0x19f ..\Libraries\libBSP.a(ssd1963.o)
 .debug_abbrev  0x0000101b      0x10c ..\Libraries\libBSP.a(ssd1963_lld.o)
 .debug_abbrev  0x00001127      0x138 ..\Libraries\libBSP.a(system_stm32f4xx.o)
 .debug_abbrev  0x0000125f      0x147 ..\Libraries\libBSP.a(misc.o)
 .debug_abbrev  0x000013a6      0x1a7 ..\Libraries\libBSP.a(stm32f4xx_exti.o)
 .debug_abbrev  0x0000154d      0x172 ..\Libraries\libBSP.a(stm32f4xx_fsmc.o)
 .debug_abbrev  0x000016bf      0x1a5 ..\Libraries\libBSP.a(stm32f4xx_gpio.o)
 .debug_abbrev  0x00001864      0x166 ..\Libraries\libBSP.a(stm32f4xx_i2c.o)
 .debug_abbrev  0x000019ca      0x1bc ..\Libraries\libBSP.a(stm32f4xx_rcc.o)
 .debug_abbrev  0x00001b86      0x189 ..\Libraries\libBSP.a(stm32f4xx_tim.o)
 .debug_abbrev  0x00001d0f      0x157 ..\Libraries\libBSP.a(stm32f4xx_usart.o)
 .debug_abbrev  0x00001e66       0xaa ..\Libraries\libsGUI.a(font.o)
 .debug_abbrev  0x00001f10      0x19f ..\Libraries\libsGUI.a(text.o)

.debug_aranges  0x00000000      0xd28
 .debug_aranges
                0x00000000       0x28 src\uart.o
 .debug_aranges
                0x00000028       0x88 src\stm32f4xx_it.o
 .debug_aranges
                0x000000b0       0x28 src\startup.o
 .debug_aranges
                0x000000d8       0x30 src\main.o
 .debug_aranges
                0x00000108       0x20 src\i2c_init.o
 .debug_aranges
                0x00000128       0x30 src\gyro.o
 .debug_aranges
                0x00000158       0x40 src\delay.o
 .debug_aranges
                0x00000198       0x30 src\accelero.o
 .debug_aranges
                0x000001c8       0x90 ..\Libraries\libBSP.a(can.o)
 .debug_aranges
                0x00000258       0x78 ..\Libraries\libBSP.a(carme.o)
 .debug_aranges
                0x000002d0       0x40 ..\Libraries\libBSP.a(i2c.o)
 .debug_aranges
                0x00000310       0x80 ..\Libraries\libBSP.a(ssd1963.o)
 .debug_aranges
                0x00000390       0x20 ..\Libraries\libBSP.a(ssd1963_lld.o)
 .debug_aranges
                0x000003b0       0x30 ..\Libraries\libBSP.a(system_stm32f4xx.o)
 .debug_aranges
                0x000003e0       0x40 ..\Libraries\libBSP.a(misc.o)
 .debug_aranges
                0x00000420       0x58 ..\Libraries\libBSP.a(stm32f4xx_exti.o)
 .debug_aranges
                0x00000478       0xb0 ..\Libraries\libBSP.a(stm32f4xx_fsmc.o)
 .debug_aranges
                0x00000528       0x88 ..\Libraries\libBSP.a(stm32f4xx_gpio.o)
 .debug_aranges
                0x000005b0      0x130 ..\Libraries\libBSP.a(stm32f4xx_i2c.o)
 .debug_aranges
                0x000006e0      0x1b8 ..\Libraries\libBSP.a(stm32f4xx_rcc.o)
 .debug_aranges
                0x00000898      0x2f8 ..\Libraries\libBSP.a(stm32f4xx_tim.o)
 .debug_aranges
                0x00000b90      0x100 ..\Libraries\libBSP.a(stm32f4xx_usart.o)
 .debug_aranges
                0x00000c90       0x18 ..\Libraries\libsGUI.a(font.o)
 .debug_aranges
                0x00000ca8       0x80 ..\Libraries\libsGUI.a(text.o)

.debug_ranges   0x00000000      0xba8
 .debug_ranges  0x00000000       0x18 src\uart.o
 .debug_ranges  0x00000018       0x78 src\stm32f4xx_it.o
 .debug_ranges  0x00000090       0x20 src\startup.o
 .debug_ranges  0x000000b0       0x20 src\main.o
 .debug_ranges  0x000000d0       0x10 src\i2c_init.o
 .debug_ranges  0x000000e0       0x20 src\gyro.o
 .debug_ranges  0x00000100       0x30 src\delay.o
 .debug_ranges  0x00000130       0x20 src\accelero.o
 .debug_ranges  0x00000150       0x80 ..\Libraries\libBSP.a(can.o)
 .debug_ranges  0x000001d0       0x68 ..\Libraries\libBSP.a(carme.o)
 .debug_ranges  0x00000238       0x30 ..\Libraries\libBSP.a(i2c.o)
 .debug_ranges  0x00000268       0x70 ..\Libraries\libBSP.a(ssd1963.o)
 .debug_ranges  0x000002d8       0x10 ..\Libraries\libBSP.a(ssd1963_lld.o)
 .debug_ranges  0x000002e8       0x20 ..\Libraries\libBSP.a(system_stm32f4xx.o)
 .debug_ranges  0x00000308       0x30 ..\Libraries\libBSP.a(misc.o)
 .debug_ranges  0x00000338       0x48 ..\Libraries\libBSP.a(stm32f4xx_exti.o)
 .debug_ranges  0x00000380       0xa0 ..\Libraries\libBSP.a(stm32f4xx_fsmc.o)
 .debug_ranges  0x00000420       0x78 ..\Libraries\libBSP.a(stm32f4xx_gpio.o)
 .debug_ranges  0x00000498      0x120 ..\Libraries\libBSP.a(stm32f4xx_i2c.o)
 .debug_ranges  0x000005b8      0x1a8 ..\Libraries\libBSP.a(stm32f4xx_rcc.o)
 .debug_ranges  0x00000760      0x2e8 ..\Libraries\libBSP.a(stm32f4xx_tim.o)
 .debug_ranges  0x00000a48       0xf0 ..\Libraries\libBSP.a(stm32f4xx_usart.o)
 .debug_ranges  0x00000b38       0x70 ..\Libraries\libsGUI.a(text.o)

.debug_line     0x00000000     0x3e19
 .debug_line    0x00000000      0x1b3 src\uart.o
 .debug_line    0x000001b3      0x24c src\stm32f4xx_it.o
 .debug_line    0x000003ff       0x99 src\startup.o
 .debug_line    0x00000498      0x1ad src\main.o
 .debug_line    0x00000645      0x175 src\i2c_init.o
 .debug_line    0x000007ba      0x1bb src\gyro.o
 .debug_line    0x00000975      0x1d3 src\delay.o
 .debug_line    0x00000b48      0x192 src\accelero.o
 .debug_line    0x00000cda      0x35f ..\Libraries\libBSP.a(can.o)
 .debug_line    0x00001039      0x458 ..\Libraries\libBSP.a(carme.o)
 .debug_line    0x00001491      0x276 ..\Libraries\libBSP.a(i2c.o)
 .debug_line    0x00001707      0x23f ..\Libraries\libBSP.a(ssd1963.o)
 .debug_line    0x00001946      0x130 ..\Libraries\libBSP.a(ssd1963_lld.o)
 .debug_line    0x00001a76      0x160 ..\Libraries\libBSP.a(system_stm32f4xx.o)
 .debug_line    0x00001bd6      0x15c ..\Libraries\libBSP.a(misc.o)
 .debug_line    0x00001d32      0x1b3 ..\Libraries\libBSP.a(stm32f4xx_exti.o)
 .debug_line    0x00001ee5      0x36b ..\Libraries\libBSP.a(stm32f4xx_fsmc.o)
 .debug_line    0x00002250      0x25c ..\Libraries\libBSP.a(stm32f4xx_gpio.o)
 .debug_line    0x000024ac      0x41c ..\Libraries\libBSP.a(stm32f4xx_i2c.o)
 .debug_line    0x000028c8      0x558 ..\Libraries\libBSP.a(stm32f4xx_rcc.o)
 .debug_line    0x00002e20      0x97c ..\Libraries\libBSP.a(stm32f4xx_tim.o)
 .debug_line    0x0000379c      0x3bf ..\Libraries\libBSP.a(stm32f4xx_usart.o)
 .debug_line    0x00003b5b       0x8b ..\Libraries\libsGUI.a(font.o)
 .debug_line    0x00003be6      0x233 ..\Libraries\libsGUI.a(text.o)

.debug_str      0x00000000     0x3ddb
 .debug_str     0x00000000      0xa77 src\uart.o
                                0xaef (size before relaxing)
 .debug_str     0x00000a77      0x139 src\stm32f4xx_it.o
                                0x338 (size before relaxing)
 .debug_str     0x00000bb0       0xba src\main.o
                                0x303 (size before relaxing)
 .debug_str     0x00000c6a       0xd0 src\i2c_init.o
                                0x4b0 (size before relaxing)
 .debug_str     0x00000d3a       0x8c src\gyro.o
                                0x383 (size before relaxing)
 .debug_str     0x00000dc6      0x1bb src\delay.o
                                0x933 (size before relaxing)
 .debug_str     0x00000f81       0x52 src\accelero.o
                                0x359 (size before relaxing)
 .debug_str     0x00000fd3      0x511 ..\Libraries\libBSP.a(can.o)
                                0xdb9 (size before relaxing)
 .debug_str     0x000014e4      0x3a1 ..\Libraries\libBSP.a(carme.o)
                                0x71c (size before relaxing)
 .debug_str     0x00001885       0x96 ..\Libraries\libBSP.a(i2c.o)
                                0x533 (size before relaxing)
 .debug_str     0x0000191b      0x147 ..\Libraries\libBSP.a(ssd1963.o)
                                0x31a (size before relaxing)
 .debug_str     0x00001a62       0x30 ..\Libraries\libBSP.a(ssd1963_lld.o)
                                0x3b2 (size before relaxing)
 .debug_str     0x00001a92      0x1cf ..\Libraries\libBSP.a(system_stm32f4xx.o)
                                0x3f2 (size before relaxing)
 .debug_str     0x00001c61      0x120 ..\Libraries\libBSP.a(misc.o)
                                0x401 (size before relaxing)
 .debug_str     0x00001d81       0xc5 ..\Libraries\libBSP.a(stm32f4xx_exti.o)
                                0x37f (size before relaxing)
 .debug_str     0x00001e46      0x3ac ..\Libraries\libBSP.a(stm32f4xx_fsmc.o)
                                0x7bd (size before relaxing)
 .debug_str     0x000021f2      0x123 ..\Libraries\libBSP.a(stm32f4xx_gpio.o)
                                0x4d3 (size before relaxing)
 .debug_str     0x00002315      0x3b3 ..\Libraries\libBSP.a(stm32f4xx_i2c.o)
                                0x6e5 (size before relaxing)
 .debug_str     0x000026c8      0x5fa ..\Libraries\libBSP.a(stm32f4xx_rcc.o)
                                0x9c8 (size before relaxing)
 .debug_str     0x00002cc2      0xa48 ..\Libraries\libBSP.a(stm32f4xx_tim.o)
                                0xe03 (size before relaxing)
 .debug_str     0x0000370a      0x335 ..\Libraries\libBSP.a(stm32f4xx_usart.o)
                                0x6c2 (size before relaxing)
 .debug_str     0x00003a3f      0x26c ..\Libraries\libsGUI.a(font.o)
                                0x403 (size before relaxing)
 .debug_str     0x00003cab      0x130 ..\Libraries\libsGUI.a(text.o)
                                0x352 (size before relaxing)

.comment        0x00000000       0xab
 .comment       0x00000000       0x7e src\uart.o
                                 0x7f (size before relaxing)
 .comment       0x0000007e       0x7f src\stm32f4xx_it.o
 .comment       0x0000007e       0x7f src\main.o
 .comment       0x0000007e       0x7f src\i2c_init.o
 .comment       0x0000007e       0x7f src\gyro.o
 .comment       0x0000007e       0x7f src\delay.o
 .comment       0x0000007e       0x7f src\accelero.o
 .comment       0x0000007e       0x2d ..\Libraries\libBSP.a(can.o)
                                 0x2e (size before relaxing)
 .comment       0x000000ab       0x2e ..\Libraries\libBSP.a(carme.o)
 .comment       0x000000ab       0x2e ..\Libraries\libBSP.a(i2c.o)
 .comment       0x000000ab       0x2e ..\Libraries\libBSP.a(ssd1963.o)
 .comment       0x000000ab       0x2e ..\Libraries\libBSP.a(ssd1963_lld.o)
 .comment       0x000000ab       0x2e ..\Libraries\libBSP.a(system_stm32f4xx.o)
 .comment       0x000000ab       0x2e ..\Libraries\libBSP.a(misc.o)
 .comment       0x000000ab       0x2e ..\Libraries\libBSP.a(stm32f4xx_exti.o)
 .comment       0x000000ab       0x2e ..\Libraries\libBSP.a(stm32f4xx_fsmc.o)
 .comment       0x000000ab       0x2e ..\Libraries\libBSP.a(stm32f4xx_gpio.o)
 .comment       0x000000ab       0x2e ..\Libraries\libBSP.a(stm32f4xx_i2c.o)
 .comment       0x000000ab       0x2e ..\Libraries\libBSP.a(stm32f4xx_rcc.o)
 .comment       0x000000ab       0x2e ..\Libraries\libBSP.a(stm32f4xx_tim.o)
 .comment       0x000000ab       0x2e ..\Libraries\libBSP.a(stm32f4xx_usart.o)
 .comment       0x000000ab       0x2e ..\Libraries\libsGUI.a(font.o)
 .comment       0x000000ab       0x2e ..\Libraries\libsGUI.a(text.o)

.debug_frame    0x00000000     0x2928
 .debug_frame   0x00000000       0x58 src\uart.o
 .debug_frame   0x00000058      0x1c0 src\stm32f4xx_it.o
 .debug_frame   0x00000218       0x68 src\main.o
 .debug_frame   0x00000280       0x34 src\i2c_init.o
 .debug_frame   0x000002b4       0x90 src\gyro.o
 .debug_frame   0x00000344       0xc8 src\delay.o
 .debug_frame   0x0000040c       0x88 src\accelero.o
 .debug_frame   0x00000494       0x2c c:/apps/atollic/truestudio for arm 5.5.1/armtools/bin/../lib/gcc/arm-atollic-eabi/5.3.1/../../../../arm-atollic-eabi/lib/armv7e-m/softfp\libc_nano.a(lib_a-init.o)
 .debug_frame   0x000004c0       0x28 c:/apps/atollic/truestudio for arm 5.5.1/armtools/bin/../lib/gcc/arm-atollic-eabi/5.3.1/../../../../arm-atollic-eabi/lib/armv7e-m/softfp\libc_nano.a(lib_a-memcpy-stub.o)
 .debug_frame   0x000004e8      0x1e0 ..\Libraries\libBSP.a(can.o)
 .debug_frame   0x000006c8      0x178 ..\Libraries\libBSP.a(carme.o)
 .debug_frame   0x00000840       0xb0 ..\Libraries\libBSP.a(i2c.o)
 .debug_frame   0x000008f0      0x198 ..\Libraries\libBSP.a(ssd1963.o)
 .debug_frame   0x00000a88       0x30 ..\Libraries\libBSP.a(ssd1963_lld.o)
 .debug_frame   0x00000ab8       0x64 ..\Libraries\libBSP.a(system_stm32f4xx.o)
 .debug_frame   0x00000b1c       0x9c ..\Libraries\libBSP.a(misc.o)
 .debug_frame   0x00000bb8       0xec ..\Libraries\libBSP.a(stm32f4xx_exti.o)
 .debug_frame   0x00000ca4      0x220 ..\Libraries\libBSP.a(stm32f4xx_fsmc.o)
 .debug_frame   0x00000ec4      0x19c ..\Libraries\libBSP.a(stm32f4xx_gpio.o)
 .debug_frame   0x00001060      0x3ec ..\Libraries\libBSP.a(stm32f4xx_i2c.o)
 .debug_frame   0x0000144c      0x5b8 ..\Libraries\libBSP.a(stm32f4xx_rcc.o)
 .debug_frame   0x00001a04      0xa3c ..\Libraries\libBSP.a(stm32f4xx_tim.o)
 .debug_frame   0x00002440      0x344 ..\Libraries\libBSP.a(stm32f4xx_usart.o)
 .debug_frame   0x00002784      0x1a4 ..\Libraries\libsGUI.a(text.o)

Cross Reference Table

Symbol                                            File
ADC_IRQHandler                                    src\startup.o
AHBPrescTable                                     ..\Libraries\libBSP.a(system_stm32f4xx.o)
AcceleroInit                                      src\accelero.o
                                                  src\main.o
BusFault_Handler                                  src\stm32f4xx_it.o
CAN1_RX0_IRQHandler                               src\startup.o
CAN1_RX1_IRQHandler                               src\startup.o
CAN1_SCE_IRQHandler                               src\startup.o
CAN1_TX_IRQHandler                                src\startup.o
CAN2_RX0_IRQHandler                               src\startup.o
CAN2_RX1_IRQHandler                               src\startup.o
CAN2_SCE_IRQHandler                               src\startup.o
CAN2_TX_IRQHandler                                src\startup.o
CARME_AGPIO_Get                                   ..\Libraries\libBSP.a(carme.o)
CARME_AGPIO_Set                                   ..\Libraries\libBSP.a(carme.o)
CARME_CAN_GetAcceptaceFilter                      ..\Libraries\libBSP.a(can.o)
CARME_CAN_Init                                    ..\Libraries\libBSP.a(can.o)
CARME_CAN_InitI                                   ..\Libraries\libBSP.a(can.o)
CARME_CAN_Interrupt_Handler                       ..\Libraries\libBSP.a(can.o)
                                                  src\stm32f4xx_it.o
CARME_CAN_Read                                    ..\Libraries\libBSP.a(can.o)
CARME_CAN_RegisterIRQCallback                     ..\Libraries\libBSP.a(can.o)
CARME_CAN_SetAcceptaceFilter                      ..\Libraries\libBSP.a(can.o)
CARME_CAN_SetBaudrate                             ..\Libraries\libBSP.a(can.o)
CARME_CAN_SetMode                                 ..\Libraries\libBSP.a(can.o)
CARME_CAN_UnregisterIRQCallback                   ..\Libraries\libBSP.a(can.o)
CARME_CAN_Write                                   ..\Libraries\libBSP.a(can.o)
CARME_GPIO_Init                                   ..\Libraries\libBSP.a(carme.o)
                                                  ..\Libraries\libBSP.a(ssd1963_lld.o)
                                                  ..\Libraries\libBSP.a(i2c.o)
CARME_I2C_Init                                    ..\Libraries\libBSP.a(i2c.o)
CARME_I2C_Read                                    ..\Libraries\libBSP.a(i2c.o)
                                                  src\accelero.o
                                                  src\gyro.o
CARME_I2C_Write                                   ..\Libraries\libBSP.a(i2c.o)
                                                  src\accelero.o
                                                  src\gyro.o
CARME_Init                                        ..\Libraries\libBSP.a(carme.o)
                                                  src\startup.o
CARME_LED_Green_Reset                             ..\Libraries\libBSP.a(carme.o)
CARME_LED_Green_Set                               ..\Libraries\libBSP.a(carme.o)
CARME_LED_Red_Reset                               ..\Libraries\libBSP.a(carme.o)
CARME_LED_Red_Set                                 ..\Libraries\libBSP.a(carme.o)
CRYP_IRQHandler                                   src\startup.o
DCMI_IRQHandler                                   src\startup.o
DMA1_Stream0_IRQHandler                           src\startup.o
DMA1_Stream1_IRQHandler                           src\startup.o
DMA1_Stream2_IRQHandler                           src\startup.o
DMA1_Stream3_IRQHandler                           src\startup.o
DMA1_Stream4_IRQHandler                           src\startup.o
DMA1_Stream5_IRQHandler                           src\startup.o
DMA1_Stream6_IRQHandler                           src\startup.o
DMA1_Stream7_IRQHandler                           src\startup.o
DMA2_Stream0_IRQHandler                           src\startup.o
DMA2_Stream1_IRQHandler                           src\startup.o
DMA2_Stream2_IRQHandler                           src\startup.o
DMA2_Stream3_IRQHandler                           src\startup.o
DMA2_Stream4_IRQHandler                           src\startup.o
DMA2_Stream5_IRQHandler                           src\startup.o
DMA2_Stream6_IRQHandler                           src\startup.o
DMA2_Stream7_IRQHandler                           src\startup.o
DebugMon_Handler                                  src\stm32f4xx_it.o
Default_Handler                                   src\startup.o
                                                  src\stm32f4xx_it.o
Display_Accelero                                  src\accelero.o
Display_Gyro                                      src\gyro.o
Display_NMEA                                      src\nmea.o
ETH_IRQHandler                                    src\startup.o
ETH_WKUP_IRQHandler                               src\startup.o
EXTI0_IRQHandler                                  src\stm32f4xx_it.o
EXTI15_10_IRQHandler                              src\stm32f4xx_it.o
EXTI1_IRQHandler                                  src\startup.o
EXTI2_IRQHandler                                  src\startup.o
EXTI3_IRQHandler                                  src\startup.o
EXTI4_IRQHandler                                  src\startup.o
EXTI9_5_IRQHandler                                src\stm32f4xx_it.o
EXTI_ClearFlag                                    ..\Libraries\libBSP.a(stm32f4xx_exti.o)
EXTI_ClearITPendingBit                            ..\Libraries\libBSP.a(stm32f4xx_exti.o)
                                                  src\stm32f4xx_it.o
EXTI_DeInit                                       ..\Libraries\libBSP.a(stm32f4xx_exti.o)
EXTI_GenerateSWInterrupt                          ..\Libraries\libBSP.a(stm32f4xx_exti.o)
EXTI_GetFlagStatus                                ..\Libraries\libBSP.a(stm32f4xx_exti.o)
EXTI_GetITStatus                                  ..\Libraries\libBSP.a(stm32f4xx_exti.o)
                                                  src\stm32f4xx_it.o
EXTI_Init                                         ..\Libraries\libBSP.a(stm32f4xx_exti.o)
                                                  ..\Libraries\libBSP.a(can.o)
EXTI_StructInit                                   ..\Libraries\libBSP.a(stm32f4xx_exti.o)
FLASH_IRQHandler                                  src\startup.o
FPU_IRQHandler                                    src\startup.o
FSMC_ClearFlag                                    ..\Libraries\libBSP.a(stm32f4xx_fsmc.o)
FSMC_ClearITPendingBit                            ..\Libraries\libBSP.a(stm32f4xx_fsmc.o)
FSMC_GetECC                                       ..\Libraries\libBSP.a(stm32f4xx_fsmc.o)
FSMC_GetFlagStatus                                ..\Libraries\libBSP.a(stm32f4xx_fsmc.o)
FSMC_GetITStatus                                  ..\Libraries\libBSP.a(stm32f4xx_fsmc.o)
FSMC_IRQHandler                                   src\startup.o
FSMC_ITConfig                                     ..\Libraries\libBSP.a(stm32f4xx_fsmc.o)
FSMC_NANDCmd                                      ..\Libraries\libBSP.a(stm32f4xx_fsmc.o)
FSMC_NANDDeInit                                   ..\Libraries\libBSP.a(stm32f4xx_fsmc.o)
FSMC_NANDECCCmd                                   ..\Libraries\libBSP.a(stm32f4xx_fsmc.o)
FSMC_NANDInit                                     ..\Libraries\libBSP.a(stm32f4xx_fsmc.o)
FSMC_NANDStructInit                               ..\Libraries\libBSP.a(stm32f4xx_fsmc.o)
FSMC_NORSRAMCmd                                   ..\Libraries\libBSP.a(stm32f4xx_fsmc.o)
                                                  ..\Libraries\libBSP.a(carme.o)
FSMC_NORSRAMDeInit                                ..\Libraries\libBSP.a(stm32f4xx_fsmc.o)
                                                  ..\Libraries\libBSP.a(carme.o)
FSMC_NORSRAMInit                                  ..\Libraries\libBSP.a(stm32f4xx_fsmc.o)
                                                  ..\Libraries\libBSP.a(carme.o)
FSMC_NORSRAMStructInit                            ..\Libraries\libBSP.a(stm32f4xx_fsmc.o)
FSMC_PCCARDCmd                                    ..\Libraries\libBSP.a(stm32f4xx_fsmc.o)
FSMC_PCCARDDeInit                                 ..\Libraries\libBSP.a(stm32f4xx_fsmc.o)
FSMC_PCCARDInit                                   ..\Libraries\libBSP.a(stm32f4xx_fsmc.o)
FSMC_PCCARDStructInit                             ..\Libraries\libBSP.a(stm32f4xx_fsmc.o)
GPIO_DeInit                                       ..\Libraries\libBSP.a(stm32f4xx_gpio.o)
                                                  ..\Libraries\libBSP.a(carme.o)
GPIO_Init                                         ..\Libraries\libBSP.a(stm32f4xx_gpio.o)
                                                  ..\Libraries\libBSP.a(carme.o)
                                                  ..\Libraries\libBSP.a(can.o)
                                                  src\i2c_init.o
                                                  src\uart.o
GPIO_PinAFConfig                                  ..\Libraries\libBSP.a(stm32f4xx_gpio.o)
                                                  ..\Libraries\libBSP.a(carme.o)
                                                  src\i2c_init.o
                                                  src\uart.o
GPIO_PinLockConfig                                ..\Libraries\libBSP.a(stm32f4xx_gpio.o)
GPIO_ReadInputData                                ..\Libraries\libBSP.a(stm32f4xx_gpio.o)
GPIO_ReadInputDataBit                             ..\Libraries\libBSP.a(stm32f4xx_gpio.o)
                                                  ..\Libraries\libBSP.a(carme.o)
GPIO_ReadOutputData                               ..\Libraries\libBSP.a(stm32f4xx_gpio.o)
GPIO_ReadOutputDataBit                            ..\Libraries\libBSP.a(stm32f4xx_gpio.o)
                                                  ..\Libraries\libBSP.a(carme.o)
GPIO_ResetBits                                    ..\Libraries\libBSP.a(stm32f4xx_gpio.o)
GPIO_SetBits                                      ..\Libraries\libBSP.a(stm32f4xx_gpio.o)
GPIO_StructInit                                   ..\Libraries\libBSP.a(stm32f4xx_gpio.o)
                                                  ..\Libraries\libBSP.a(i2c.o)
                                                  ..\Libraries\libBSP.a(carme.o)
                                                  ..\Libraries\libBSP.a(can.o)
                                                  src\i2c_init.o
                                                  src\uart.o
GPIO_ToggleBits                                   ..\Libraries\libBSP.a(stm32f4xx_gpio.o)
GPIO_Write                                        ..\Libraries\libBSP.a(stm32f4xx_gpio.o)
GPIO_WriteBit                                     ..\Libraries\libBSP.a(stm32f4xx_gpio.o)
                                                  ..\Libraries\libBSP.a(ssd1963_lld.o)
                                                  ..\Libraries\libBSP.a(carme.o)
GetSegment_Length                                 src\nmea.o
GyroInit                                          src\gyro.o
                                                  src\main.o
HASH_RNG_IRQHandler                               src\startup.o
HardFault_Handler                                 src\stm32f4xx_it.o
I2C1_ER_IRQHandler                                src\startup.o
I2C1_EV_IRQHandler                                src\startup.o
I2C2_ER_IRQHandler                                src\startup.o
I2C2_EV_IRQHandler                                src\startup.o
I2C3_ER_IRQHandler                                src\startup.o
I2C3_EV_IRQHandler                                src\startup.o
I2C_ARPCmd                                        ..\Libraries\libBSP.a(stm32f4xx_i2c.o)
I2C_AcknowledgeConfig                             ..\Libraries\libBSP.a(stm32f4xx_i2c.o)
                                                  ..\Libraries\libBSP.a(i2c.o)
I2C_AnalogFilterCmd                               ..\Libraries\libBSP.a(stm32f4xx_i2c.o)
I2C_CalculatePEC                                  ..\Libraries\libBSP.a(stm32f4xx_i2c.o)
I2C_CheckEvent                                    ..\Libraries\libBSP.a(stm32f4xx_i2c.o)
                                                  ..\Libraries\libBSP.a(i2c.o)
I2C_ClearFlag                                     ..\Libraries\libBSP.a(stm32f4xx_i2c.o)
                                                  ..\Libraries\libBSP.a(i2c.o)
I2C_ClearITPendingBit                             ..\Libraries\libBSP.a(stm32f4xx_i2c.o)
I2C_Cmd                                           ..\Libraries\libBSP.a(stm32f4xx_i2c.o)
                                                  ..\Libraries\libBSP.a(i2c.o)
                                                  src\i2c_init.o
I2C_DMACmd                                        ..\Libraries\libBSP.a(stm32f4xx_i2c.o)
I2C_DMALastTransferCmd                            ..\Libraries\libBSP.a(stm32f4xx_i2c.o)
I2C_DeInit                                        ..\Libraries\libBSP.a(stm32f4xx_i2c.o)
                                                  ..\Libraries\libBSP.a(i2c.o)
                                                  src\i2c_init.o
I2C_DigitalFilterConfig                           ..\Libraries\libBSP.a(stm32f4xx_i2c.o)
I2C_DualAddressCmd                                ..\Libraries\libBSP.a(stm32f4xx_i2c.o)
I2C_FastModeDutyCycleConfig                       ..\Libraries\libBSP.a(stm32f4xx_i2c.o)
I2C_GeneralCallCmd                                ..\Libraries\libBSP.a(stm32f4xx_i2c.o)
I2C_GenerateSTART                                 ..\Libraries\libBSP.a(stm32f4xx_i2c.o)
                                                  ..\Libraries\libBSP.a(i2c.o)
I2C_GenerateSTOP                                  ..\Libraries\libBSP.a(stm32f4xx_i2c.o)
                                                  ..\Libraries\libBSP.a(i2c.o)
I2C_GetFlagStatus                                 ..\Libraries\libBSP.a(stm32f4xx_i2c.o)
                                                  ..\Libraries\libBSP.a(i2c.o)
I2C_GetITStatus                                   ..\Libraries\libBSP.a(stm32f4xx_i2c.o)
I2C_GetLastEvent                                  ..\Libraries\libBSP.a(stm32f4xx_i2c.o)
I2C_GetPEC                                        ..\Libraries\libBSP.a(stm32f4xx_i2c.o)
I2C_ITConfig                                      ..\Libraries\libBSP.a(stm32f4xx_i2c.o)
I2C_Init                                          ..\Libraries\libBSP.a(stm32f4xx_i2c.o)
                                                  ..\Libraries\libBSP.a(i2c.o)
                                                  src\i2c_init.o
I2C_NACKPositionConfig                            ..\Libraries\libBSP.a(stm32f4xx_i2c.o)
I2C_OwnAddress2Config                             ..\Libraries\libBSP.a(stm32f4xx_i2c.o)
I2C_PECPositionConfig                             ..\Libraries\libBSP.a(stm32f4xx_i2c.o)
I2C_ReadRegister                                  ..\Libraries\libBSP.a(stm32f4xx_i2c.o)
I2C_ReceiveData                                   ..\Libraries\libBSP.a(stm32f4xx_i2c.o)
                                                  ..\Libraries\libBSP.a(i2c.o)
I2C_SMBusAlertConfig                              ..\Libraries\libBSP.a(stm32f4xx_i2c.o)
I2C_Send7bitAddress                               ..\Libraries\libBSP.a(stm32f4xx_i2c.o)
                                                  ..\Libraries\libBSP.a(i2c.o)
I2C_SendData                                      ..\Libraries\libBSP.a(stm32f4xx_i2c.o)
                                                  ..\Libraries\libBSP.a(i2c.o)
I2C_SoftwareResetCmd                              ..\Libraries\libBSP.a(stm32f4xx_i2c.o)
                                                  ..\Libraries\libBSP.a(i2c.o)
I2C_StretchClockCmd                               ..\Libraries\libBSP.a(stm32f4xx_i2c.o)
I2C_StructInit                                    ..\Libraries\libBSP.a(stm32f4xx_i2c.o)
                                                  ..\Libraries\libBSP.a(i2c.o)
                                                  src\i2c_init.o
I2C_TransmitPEC                                   ..\Libraries\libBSP.a(stm32f4xx_i2c.o)
Init_I2C2                                         src\i2c_init.o
                                                  src\main.o
Init_USART1                                       src\uart.o
                                                  src\main.o
LCD_ClearLine                                     ..\Libraries\libsGUI.a(text.o)
LCD_DisplayCharLine                               ..\Libraries\libsGUI.a(text.o)
LCD_DisplayCharXY                                 ..\Libraries\libsGUI.a(text.o)
LCD_DisplayStringCenterLine                       ..\Libraries\libsGUI.a(text.o)
LCD_DisplayStringLine                             ..\Libraries\libsGUI.a(text.o)
                                                  src\accelero.o
                                                  src\gyro.o
                                                  src\nmea.o
LCD_DisplayStringXY                               ..\Libraries\libsGUI.a(text.o)
LCD_DrawCircle                                    ..\Libraries\libsGUI.a(geometry.o)
LCD_DrawCircleF                                   ..\Libraries\libsGUI.a(geometry.o)
LCD_DrawLine                                      ..\Libraries\libsGUI.a(geometry.o)
LCD_DrawRect                                      ..\Libraries\libsGUI.a(geometry.o)
LCD_DrawRectF                                     ..\Libraries\libsGUI.a(geometry.o)
                                                  ..\Libraries\libsGUI.a(text.o)
LCD_GetFont                                       ..\Libraries\libsGUI.a(text.o)
                                                  src\accelero.o
                                                  src\gyro.o
                                                  src\nmea.o
LCD_GetLineCount                                  ..\Libraries\libsGUI.a(text.o)
LCD_SetBackColor                                  ..\Libraries\libsGUI.a(text.o)
LCD_SetFont                                       ..\Libraries\libsGUI.a(text.o)
                                                  src\main.o
LCD_SetTextColor                                  ..\Libraries\libsGUI.a(text.o)
                                                  src\main.o
MemManage_Handler                                 src\stm32f4xx_it.o
NMEA                                              src\nmea.o
NMEAStringReadyFlag                               src\accelero.o
                                                  src\gyro.o
                                                  src\main.o
                                                  src\nmea.o
                                                  src\uart.o
NMEA_string                                       src\accelero.o
                                                  src\gyro.o
                                                  src\main.o
                                                  src\nmea.o
                                                  src\uart.o
NMI_Handler                                       src\stm32f4xx_it.o
NVIC_Init                                         ..\Libraries\libBSP.a(misc.o)
                                                  ..\Libraries\libBSP.a(can.o)
                                                  src\uart.o
NVIC_PriorityGroupConfig                          ..\Libraries\libBSP.a(misc.o)
NVIC_SetVectorTable                               ..\Libraries\libBSP.a(misc.o)
NVIC_SystemLPConfig                               ..\Libraries\libBSP.a(misc.o)
OTG_FS_IRQHandler                                 src\startup.o
OTG_FS_WKUP_IRQHandler                            src\startup.o
OTG_HS_EP1_IN_IRQHandler                          src\startup.o
OTG_HS_EP1_OUT_IRQHandler                         src\startup.o
OTG_HS_IRQHandler                                 src\startup.o
OTG_HS_WKUP_IRQHandler                            src\startup.o
PVD_IRQHandler                                    src\startup.o
PendSV_Handler                                    src\stm32f4xx_it.o
RCC_AHB1PeriphClockCmd                            ..\Libraries\libBSP.a(stm32f4xx_rcc.o)
                                                  ..\Libraries\libBSP.a(carme.o)
                                                  src\i2c_init.o
                                                  src\uart.o
RCC_AHB1PeriphClockLPModeCmd                      ..\Libraries\libBSP.a(stm32f4xx_rcc.o)
RCC_AHB1PeriphResetCmd                            ..\Libraries\libBSP.a(stm32f4xx_rcc.o)
                                                  ..\Libraries\libBSP.a(stm32f4xx_gpio.o)
RCC_AHB2PeriphClockCmd                            ..\Libraries\libBSP.a(stm32f4xx_rcc.o)
RCC_AHB2PeriphClockLPModeCmd                      ..\Libraries\libBSP.a(stm32f4xx_rcc.o)
RCC_AHB2PeriphResetCmd                            ..\Libraries\libBSP.a(stm32f4xx_rcc.o)
RCC_AHB3PeriphClockCmd                            ..\Libraries\libBSP.a(stm32f4xx_rcc.o)
                                                  ..\Libraries\libBSP.a(carme.o)
RCC_AHB3PeriphClockLPModeCmd                      ..\Libraries\libBSP.a(stm32f4xx_rcc.o)
RCC_AHB3PeriphResetCmd                            ..\Libraries\libBSP.a(stm32f4xx_rcc.o)
RCC_APB1PeriphClockCmd                            ..\Libraries\libBSP.a(stm32f4xx_rcc.o)
                                                  ..\Libraries\libBSP.a(i2c.o)
                                                  src\delay.o
                                                  src\i2c_init.o
RCC_APB1PeriphClockLPModeCmd                      ..\Libraries\libBSP.a(stm32f4xx_rcc.o)
RCC_APB1PeriphResetCmd                            ..\Libraries\libBSP.a(stm32f4xx_rcc.o)
                                                  ..\Libraries\libBSP.a(stm32f4xx_usart.o)
                                                  ..\Libraries\libBSP.a(stm32f4xx_tim.o)
                                                  ..\Libraries\libBSP.a(stm32f4xx_i2c.o)
RCC_APB2PeriphClockCmd                            ..\Libraries\libBSP.a(stm32f4xx_rcc.o)
                                                  ..\Libraries\libBSP.a(carme.o)
                                                  src\uart.o
RCC_APB2PeriphClockLPModeCmd                      ..\Libraries\libBSP.a(stm32f4xx_rcc.o)
RCC_APB2PeriphResetCmd                            ..\Libraries\libBSP.a(stm32f4xx_rcc.o)
                                                  ..\Libraries\libBSP.a(stm32f4xx_usart.o)
                                                  ..\Libraries\libBSP.a(stm32f4xx_tim.o)
                                                  ..\Libraries\libBSP.a(stm32f4xx_syscfg.o)
RCC_AdjustHSICalibrationValue                     ..\Libraries\libBSP.a(stm32f4xx_rcc.o)
RCC_BackupResetCmd                                ..\Libraries\libBSP.a(stm32f4xx_rcc.o)
RCC_ClearFlag                                     ..\Libraries\libBSP.a(stm32f4xx_rcc.o)
RCC_ClearITPendingBit                             ..\Libraries\libBSP.a(stm32f4xx_rcc.o)
RCC_ClockSecuritySystemCmd                        ..\Libraries\libBSP.a(stm32f4xx_rcc.o)
RCC_DeInit                                        ..\Libraries\libBSP.a(stm32f4xx_rcc.o)
RCC_GetClocksFreq                                 ..\Libraries\libBSP.a(stm32f4xx_rcc.o)
                                                  ..\Libraries\libBSP.a(stm32f4xx_usart.o)
                                                  ..\Libraries\libBSP.a(stm32f4xx_i2c.o)
RCC_GetFlagStatus                                 ..\Libraries\libBSP.a(stm32f4xx_rcc.o)
RCC_GetITStatus                                   ..\Libraries\libBSP.a(stm32f4xx_rcc.o)
RCC_GetSYSCLKSource                               ..\Libraries\libBSP.a(stm32f4xx_rcc.o)
RCC_HCLKConfig                                    ..\Libraries\libBSP.a(stm32f4xx_rcc.o)
RCC_HSEConfig                                     ..\Libraries\libBSP.a(stm32f4xx_rcc.o)
RCC_HSICmd                                        ..\Libraries\libBSP.a(stm32f4xx_rcc.o)
RCC_I2SCLKConfig                                  ..\Libraries\libBSP.a(stm32f4xx_rcc.o)
RCC_IRQHandler                                    src\startup.o
RCC_ITConfig                                      ..\Libraries\libBSP.a(stm32f4xx_rcc.o)
RCC_LSEConfig                                     ..\Libraries\libBSP.a(stm32f4xx_rcc.o)
RCC_LSICmd                                        ..\Libraries\libBSP.a(stm32f4xx_rcc.o)
RCC_LTDCCLKDivConfig                              ..\Libraries\libBSP.a(stm32f4xx_rcc.o)
RCC_MCO1Config                                    ..\Libraries\libBSP.a(stm32f4xx_rcc.o)
RCC_MCO2Config                                    ..\Libraries\libBSP.a(stm32f4xx_rcc.o)
RCC_PCLK1Config                                   ..\Libraries\libBSP.a(stm32f4xx_rcc.o)
RCC_PCLK2Config                                   ..\Libraries\libBSP.a(stm32f4xx_rcc.o)
RCC_PLLCmd                                        ..\Libraries\libBSP.a(stm32f4xx_rcc.o)
RCC_PLLConfig                                     ..\Libraries\libBSP.a(stm32f4xx_rcc.o)
RCC_PLLI2SCmd                                     ..\Libraries\libBSP.a(stm32f4xx_rcc.o)
RCC_PLLI2SConfig                                  ..\Libraries\libBSP.a(stm32f4xx_rcc.o)
RCC_PLLSAICmd                                     ..\Libraries\libBSP.a(stm32f4xx_rcc.o)
RCC_PLLSAIConfig                                  ..\Libraries\libBSP.a(stm32f4xx_rcc.o)
RCC_RTCCLKCmd                                     ..\Libraries\libBSP.a(stm32f4xx_rcc.o)
RCC_RTCCLKConfig                                  ..\Libraries\libBSP.a(stm32f4xx_rcc.o)
RCC_SAIBlockACLKConfig                            ..\Libraries\libBSP.a(stm32f4xx_rcc.o)
RCC_SAIBlockBCLKConfig                            ..\Libraries\libBSP.a(stm32f4xx_rcc.o)
RCC_SAIPLLI2SClkDivConfig                         ..\Libraries\libBSP.a(stm32f4xx_rcc.o)
RCC_SAIPLLSAIClkDivConfig                         ..\Libraries\libBSP.a(stm32f4xx_rcc.o)
RCC_SYSCLKConfig                                  ..\Libraries\libBSP.a(stm32f4xx_rcc.o)
RCC_TIMCLKPresConfig                              ..\Libraries\libBSP.a(stm32f4xx_rcc.o)
RCC_WaitForHSEStartUp                             ..\Libraries\libBSP.a(stm32f4xx_rcc.o)
RTC_Alarm_IRQHandler                              src\startup.o
RTC_WKUP_IRQHandler                               src\startup.o
ReadAccelero                                      src\accelero.o
ReadGyro                                          src\gyro.o
Reset_Handler                                     src\startup.o
SDIO_IRQHandler                                   src\startup.o
SPI1_IRQHandler                                   src\startup.o
SPI2_IRQHandler                                   src\startup.o
SPI3_IRQHandler                                   src\startup.o
SSD1963_FillArea                                  ..\Libraries\libBSP.a(ssd1963.o)
                                                  ..\Libraries\libsGUI.a(geometry.o)
SSD1963_GetDeviceDescriptorBlock                  ..\Libraries\libBSP.a(ssd1963.o)
SSD1963_Init                                      ..\Libraries\libBSP.a(ssd1963.o)
                                                  src\main.o
SSD1963_LLD_Init                                  ..\Libraries\libBSP.a(ssd1963_lld.o)
                                                  ..\Libraries\libBSP.a(ssd1963.o)
SSD1963_ReadPixel                                 ..\Libraries\libBSP.a(ssd1963.o)
SSD1963_SetArea                                   ..\Libraries\libBSP.a(ssd1963.o)
SSD1963_SetTearingCfg                             ..\Libraries\libBSP.a(ssd1963.o)
SSD1963_WriteArea                                 ..\Libraries\libBSP.a(ssd1963.o)
                                                  ..\Libraries\libsGUI.a(text.o)
SSD1963_WritePixel                                ..\Libraries\libBSP.a(ssd1963.o)
                                                  ..\Libraries\libsGUI.a(geometry.o)
SVC_Handler                                       src\stm32f4xx_it.o
SYSCFG_CompensationCellCmd                        ..\Libraries\libBSP.a(stm32f4xx_syscfg.o)
SYSCFG_DeInit                                     ..\Libraries\libBSP.a(stm32f4xx_syscfg.o)
SYSCFG_ETH_MediaInterfaceConfig                   ..\Libraries\libBSP.a(stm32f4xx_syscfg.o)
SYSCFG_EXTILineConfig                             ..\Libraries\libBSP.a(stm32f4xx_syscfg.o)
                                                  ..\Libraries\libBSP.a(can.o)
SYSCFG_GetCompensationCellStatus                  ..\Libraries\libBSP.a(stm32f4xx_syscfg.o)
SYSCFG_MemoryRemapConfig                          ..\Libraries\libBSP.a(stm32f4xx_syscfg.o)
SYSCFG_MemorySwappingBank                         ..\Libraries\libBSP.a(stm32f4xx_syscfg.o)
SysTick_CLKSourceConfig                           ..\Libraries\libBSP.a(misc.o)
SysTick_Handler                                   src\stm32f4xx_it.o
SystemCoreClock                                   ..\Libraries\libBSP.a(system_stm32f4xx.o)
SystemCoreClockUpdate                             ..\Libraries\libBSP.a(system_stm32f4xx.o)
SystemInit                                        ..\Libraries\libBSP.a(system_stm32f4xx.o)
                                                  src\startup.o
TAMP_STAMP_IRQHandler                             src\startup.o
TIM1_BRK_TIM9_IRQHandler                          src\startup.o
TIM1_CC_IRQHandler                                src\startup.o
TIM1_TRG_COM_TIM11_IRQHandler                     src\startup.o
TIM1_UP_TIM10_IRQHandler                          src\startup.o
TIM2_IRQHandler                                   src\startup.o
TIM3_IRQHandler                                   src\startup.o
TIM4_IRQHandler                                   src\startup.o
TIM5_IRQHandler                                   src\startup.o
TIM6_DAC_IRQHandler                               src\startup.o
TIM7_IRQHandler                                   src\delay.o
                                                  src\startup.o
TIM8_BRK_TIM12_IRQHandler                         src\startup.o
TIM8_CC_IRQHandler                                src\startup.o
TIM8_TRG_COM_TIM14_IRQHandler                     src\startup.o
TIM8_UP_TIM13_IRQHandler                          src\startup.o
TIM_ARRPreloadConfig                              ..\Libraries\libBSP.a(stm32f4xx_tim.o)
TIM_BDTRConfig                                    ..\Libraries\libBSP.a(stm32f4xx_tim.o)
TIM_BDTRStructInit                                ..\Libraries\libBSP.a(stm32f4xx_tim.o)
TIM_CCPreloadControl                              ..\Libraries\libBSP.a(stm32f4xx_tim.o)
TIM_CCxCmd                                        ..\Libraries\libBSP.a(stm32f4xx_tim.o)
TIM_CCxNCmd                                       ..\Libraries\libBSP.a(stm32f4xx_tim.o)
TIM_ClearFlag                                     ..\Libraries\libBSP.a(stm32f4xx_tim.o)
                                                  src\delay.o
TIM_ClearITPendingBit                             ..\Libraries\libBSP.a(stm32f4xx_tim.o)
TIM_ClearOC1Ref                                   ..\Libraries\libBSP.a(stm32f4xx_tim.o)
TIM_ClearOC2Ref                                   ..\Libraries\libBSP.a(stm32f4xx_tim.o)
TIM_ClearOC3Ref                                   ..\Libraries\libBSP.a(stm32f4xx_tim.o)
TIM_ClearOC4Ref                                   ..\Libraries\libBSP.a(stm32f4xx_tim.o)
TIM_Cmd                                           ..\Libraries\libBSP.a(stm32f4xx_tim.o)
                                                  src\delay.o
TIM_CounterModeConfig                             ..\Libraries\libBSP.a(stm32f4xx_tim.o)
TIM_CtrlPWMOutputs                                ..\Libraries\libBSP.a(stm32f4xx_tim.o)
TIM_DMACmd                                        ..\Libraries\libBSP.a(stm32f4xx_tim.o)
TIM_DMAConfig                                     ..\Libraries\libBSP.a(stm32f4xx_tim.o)
TIM_DeInit                                        ..\Libraries\libBSP.a(stm32f4xx_tim.o)
TIM_ETRClockMode1Config                           ..\Libraries\libBSP.a(stm32f4xx_tim.o)
TIM_ETRClockMode2Config                           ..\Libraries\libBSP.a(stm32f4xx_tim.o)
TIM_ETRConfig                                     ..\Libraries\libBSP.a(stm32f4xx_tim.o)
TIM_EncoderInterfaceConfig                        ..\Libraries\libBSP.a(stm32f4xx_tim.o)
TIM_ForcedOC1Config                               ..\Libraries\libBSP.a(stm32f4xx_tim.o)
TIM_ForcedOC2Config                               ..\Libraries\libBSP.a(stm32f4xx_tim.o)
TIM_ForcedOC3Config                               ..\Libraries\libBSP.a(stm32f4xx_tim.o)
TIM_ForcedOC4Config                               ..\Libraries\libBSP.a(stm32f4xx_tim.o)
TIM_GenerateEvent                                 ..\Libraries\libBSP.a(stm32f4xx_tim.o)
TIM_GetCapture1                                   ..\Libraries\libBSP.a(stm32f4xx_tim.o)
TIM_GetCapture2                                   ..\Libraries\libBSP.a(stm32f4xx_tim.o)
TIM_GetCapture3                                   ..\Libraries\libBSP.a(stm32f4xx_tim.o)
TIM_GetCapture4                                   ..\Libraries\libBSP.a(stm32f4xx_tim.o)
TIM_GetCounter                                    ..\Libraries\libBSP.a(stm32f4xx_tim.o)
TIM_GetFlagStatus                                 ..\Libraries\libBSP.a(stm32f4xx_tim.o)
TIM_GetITStatus                                   ..\Libraries\libBSP.a(stm32f4xx_tim.o)
TIM_GetPrescaler                                  ..\Libraries\libBSP.a(stm32f4xx_tim.o)
TIM_ICInit                                        ..\Libraries\libBSP.a(stm32f4xx_tim.o)
TIM_ICStructInit                                  ..\Libraries\libBSP.a(stm32f4xx_tim.o)
TIM_ITConfig                                      ..\Libraries\libBSP.a(stm32f4xx_tim.o)
                                                  src\delay.o
TIM_ITRxExternalClockConfig                       ..\Libraries\libBSP.a(stm32f4xx_tim.o)
TIM_InternalClockConfig                           ..\Libraries\libBSP.a(stm32f4xx_tim.o)
TIM_OC1FastConfig                                 ..\Libraries\libBSP.a(stm32f4xx_tim.o)
TIM_OC1Init                                       ..\Libraries\libBSP.a(stm32f4xx_tim.o)
TIM_OC1NPolarityConfig                            ..\Libraries\libBSP.a(stm32f4xx_tim.o)
TIM_OC1PolarityConfig                             ..\Libraries\libBSP.a(stm32f4xx_tim.o)
TIM_OC1PreloadConfig                              ..\Libraries\libBSP.a(stm32f4xx_tim.o)
TIM_OC2FastConfig                                 ..\Libraries\libBSP.a(stm32f4xx_tim.o)
TIM_OC2Init                                       ..\Libraries\libBSP.a(stm32f4xx_tim.o)
TIM_OC2NPolarityConfig                            ..\Libraries\libBSP.a(stm32f4xx_tim.o)
TIM_OC2PolarityConfig                             ..\Libraries\libBSP.a(stm32f4xx_tim.o)
TIM_OC2PreloadConfig                              ..\Libraries\libBSP.a(stm32f4xx_tim.o)
TIM_OC3FastConfig                                 ..\Libraries\libBSP.a(stm32f4xx_tim.o)
TIM_OC3Init                                       ..\Libraries\libBSP.a(stm32f4xx_tim.o)
TIM_OC3NPolarityConfig                            ..\Libraries\libBSP.a(stm32f4xx_tim.o)
TIM_OC3PolarityConfig                             ..\Libraries\libBSP.a(stm32f4xx_tim.o)
TIM_OC3PreloadConfig                              ..\Libraries\libBSP.a(stm32f4xx_tim.o)
TIM_OC4FastConfig                                 ..\Libraries\libBSP.a(stm32f4xx_tim.o)
TIM_OC4Init                                       ..\Libraries\libBSP.a(stm32f4xx_tim.o)
TIM_OC4PolarityConfig                             ..\Libraries\libBSP.a(stm32f4xx_tim.o)
TIM_OC4PreloadConfig                              ..\Libraries\libBSP.a(stm32f4xx_tim.o)
TIM_OCStructInit                                  ..\Libraries\libBSP.a(stm32f4xx_tim.o)
TIM_PWMIConfig                                    ..\Libraries\libBSP.a(stm32f4xx_tim.o)
TIM_PrescalerConfig                               ..\Libraries\libBSP.a(stm32f4xx_tim.o)
TIM_RemapConfig                                   ..\Libraries\libBSP.a(stm32f4xx_tim.o)
TIM_SelectCCDMA                                   ..\Libraries\libBSP.a(stm32f4xx_tim.o)
TIM_SelectCOM                                     ..\Libraries\libBSP.a(stm32f4xx_tim.o)
TIM_SelectHallSensor                              ..\Libraries\libBSP.a(stm32f4xx_tim.o)
TIM_SelectInputTrigger                            ..\Libraries\libBSP.a(stm32f4xx_tim.o)
TIM_SelectMasterSlaveMode                         ..\Libraries\libBSP.a(stm32f4xx_tim.o)
TIM_SelectOCxM                                    ..\Libraries\libBSP.a(stm32f4xx_tim.o)
TIM_SelectOnePulseMode                            ..\Libraries\libBSP.a(stm32f4xx_tim.o)
TIM_SelectOutputTrigger                           ..\Libraries\libBSP.a(stm32f4xx_tim.o)
TIM_SelectSlaveMode                               ..\Libraries\libBSP.a(stm32f4xx_tim.o)
TIM_SetAutoreload                                 ..\Libraries\libBSP.a(stm32f4xx_tim.o)
TIM_SetClockDivision                              ..\Libraries\libBSP.a(stm32f4xx_tim.o)
TIM_SetCompare1                                   ..\Libraries\libBSP.a(stm32f4xx_tim.o)
TIM_SetCompare2                                   ..\Libraries\libBSP.a(stm32f4xx_tim.o)
TIM_SetCompare3                                   ..\Libraries\libBSP.a(stm32f4xx_tim.o)
TIM_SetCompare4                                   ..\Libraries\libBSP.a(stm32f4xx_tim.o)
TIM_SetCounter                                    ..\Libraries\libBSP.a(stm32f4xx_tim.o)
TIM_SetIC1Prescaler                               ..\Libraries\libBSP.a(stm32f4xx_tim.o)
TIM_SetIC2Prescaler                               ..\Libraries\libBSP.a(stm32f4xx_tim.o)
TIM_SetIC3Prescaler                               ..\Libraries\libBSP.a(stm32f4xx_tim.o)
TIM_SetIC4Prescaler                               ..\Libraries\libBSP.a(stm32f4xx_tim.o)
TIM_TIxExternalClockConfig                        ..\Libraries\libBSP.a(stm32f4xx_tim.o)
TIM_TimeBaseInit                                  ..\Libraries\libBSP.a(stm32f4xx_tim.o)
                                                  src\delay.o
TIM_TimeBaseStructInit                            ..\Libraries\libBSP.a(stm32f4xx_tim.o)
                                                  src\delay.o
TIM_UpdateDisableConfig                           ..\Libraries\libBSP.a(stm32f4xx_tim.o)
TIM_UpdateRequestConfig                           ..\Libraries\libBSP.a(stm32f4xx_tim.o)
UART4_IRQHandler                                  src\startup.o
UART5_IRQHandler                                  src\startup.o
USART1_IRQHandler                                 src\uart.o
USART2_IRQHandler                                 src\startup.o
USART3_IRQHandler                                 src\startup.o
USART6_IRQHandler                                 src\startup.o
USART_ClearFlag                                   ..\Libraries\libBSP.a(stm32f4xx_usart.o)
                                                  src\uart.o
USART_ClearITPendingBit                           ..\Libraries\libBSP.a(stm32f4xx_usart.o)
                                                  src\uart.o
USART_ClockInit                                   ..\Libraries\libBSP.a(stm32f4xx_usart.o)
                                                  src\uart.o
USART_ClockStructInit                             ..\Libraries\libBSP.a(stm32f4xx_usart.o)
                                                  src\uart.o
USART_Cmd                                         ..\Libraries\libBSP.a(stm32f4xx_usart.o)
                                                  src\uart.o
USART_DMACmd                                      ..\Libraries\libBSP.a(stm32f4xx_usart.o)
USART_DeInit                                      ..\Libraries\libBSP.a(stm32f4xx_usart.o)
                                                  src\uart.o
USART_GetFlagStatus                               ..\Libraries\libBSP.a(stm32f4xx_usart.o)
                                                  src\syscalls.o
USART_GetITStatus                                 ..\Libraries\libBSP.a(stm32f4xx_usart.o)
                                                  src\uart.o
USART_HalfDuplexCmd                               ..\Libraries\libBSP.a(stm32f4xx_usart.o)
USART_ITConfig                                    ..\Libraries\libBSP.a(stm32f4xx_usart.o)
                                                  src\uart.o
USART_Init                                        ..\Libraries\libBSP.a(stm32f4xx_usart.o)
                                                  src\uart.o
USART_IrDACmd                                     ..\Libraries\libBSP.a(stm32f4xx_usart.o)
USART_IrDAConfig                                  ..\Libraries\libBSP.a(stm32f4xx_usart.o)
USART_LINBreakDetectLengthConfig                  ..\Libraries\libBSP.a(stm32f4xx_usart.o)
USART_LINCmd                                      ..\Libraries\libBSP.a(stm32f4xx_usart.o)
USART_OneBitMethodCmd                             ..\Libraries\libBSP.a(stm32f4xx_usart.o)
USART_OverSampling8Cmd                            ..\Libraries\libBSP.a(stm32f4xx_usart.o)
USART_ReceiveData                                 ..\Libraries\libBSP.a(stm32f4xx_usart.o)
                                                  src\syscalls.o
USART_ReceiverWakeUpCmd                           ..\Libraries\libBSP.a(stm32f4xx_usart.o)
USART_SendBreak                                   ..\Libraries\libBSP.a(stm32f4xx_usart.o)
USART_SendData                                    ..\Libraries\libBSP.a(stm32f4xx_usart.o)
                                                  src\syscalls.o
USART_SetAddress                                  ..\Libraries\libBSP.a(stm32f4xx_usart.o)
USART_SetGuardTime                                ..\Libraries\libBSP.a(stm32f4xx_usart.o)
USART_SetPrescaler                                ..\Libraries\libBSP.a(stm32f4xx_usart.o)
USART_SmartCardCmd                                ..\Libraries\libBSP.a(stm32f4xx_usart.o)
USART_SmartCardNACKCmd                            ..\Libraries\libBSP.a(stm32f4xx_usart.o)
USART_StructInit                                  ..\Libraries\libBSP.a(stm32f4xx_usart.o)
                                                  src\uart.o
USART_WakeUpConfig                                ..\Libraries\libBSP.a(stm32f4xx_usart.o)
UsageFault_Handler                                src\stm32f4xx_it.o
WWDG_IRQHandler                                   src\startup.o
X_RawError                                        src\accelero.o
                                                  src\gyro.o
                                                  src\main.o
                                                  src\nmea.o
                                                  src\uart.o
Y_RawError                                        src\accelero.o
                                                  src\gyro.o
                                                  src\main.o
                                                  src\nmea.o
                                                  src\uart.o
Z_RawError                                        src\accelero.o
                                                  src\gyro.o
                                                  src\main.o
                                                  src\nmea.o
                                                  src\uart.o
_Min_Heap_Size                                    src\syscalls.o
__aeabi_idiv0                                     c:/apps/atollic/truestudio for arm 5.5.1/armtools/bin/../lib/gcc/arm-atollic-eabi/5.3.1/armv7e-m/softfp\libgcc.a(_dvmd_tls.o)
__aeabi_ldiv0                                     c:/apps/atollic/truestudio for arm 5.5.1/armtools/bin/../lib/gcc/arm-atollic-eabi/5.3.1/armv7e-m/softfp\libgcc.a(_dvmd_tls.o)
                                                  c:/apps/atollic/truestudio for arm 5.5.1/armtools/bin/../lib/gcc/arm-atollic-eabi/5.3.1/armv7e-m/softfp\libgcc.a(_aeabi_uldivmod.o)
__aeabi_uldivmod                                  c:/apps/atollic/truestudio for arm 5.5.1/armtools/bin/../lib/gcc/arm-atollic-eabi/5.3.1/armv7e-m/softfp\libgcc.a(_aeabi_uldivmod.o)
                                                  ..\Libraries\libsGUI.a(text.o)
                                                  src\accelero.o
                                                  src\gyro.o
                                                  src\nmea.o
__deregister_frame_info                           c:/apps/atollic/truestudio for arm 5.5.1/armtools/bin/../lib/gcc/arm-atollic-eabi/5.3.1/armv7e-m/softfp/crtbegin.o
__dso_handle                                      c:/apps/atollic/truestudio for arm 5.5.1/armtools/bin/../lib/gcc/arm-atollic-eabi/5.3.1/armv7e-m/softfp/crtbegin.o
__env                                             src\syscalls.o
__init_array_end                                  c:/apps/atollic/truestudio for arm 5.5.1/armtools/bin/../lib/gcc/arm-atollic-eabi/5.3.1/../../../../arm-atollic-eabi/lib/armv7e-m/softfp\libc_nano.a(lib_a-init.o)
__init_array_start                                c:/apps/atollic/truestudio for arm 5.5.1/armtools/bin/../lib/gcc/arm-atollic-eabi/5.3.1/../../../../arm-atollic-eabi/lib/armv7e-m/softfp\libc_nano.a(lib_a-init.o)
__libc_init_array                                 c:/apps/atollic/truestudio for arm 5.5.1/armtools/bin/../lib/gcc/arm-atollic-eabi/5.3.1/../../../../arm-atollic-eabi/lib/armv7e-m/softfp\libc_nano.a(lib_a-init.o)
                                                  src\startup.o
__malloc_free_list                                c:/apps/atollic/truestudio for arm 5.5.1/armtools/bin/../lib/gcc/arm-atollic-eabi/5.3.1/../../../../arm-atollic-eabi/lib/armv7e-m/softfp\libc_nano.a(lib_a-nano-mallocr.o)
                                                  c:/apps/atollic/truestudio for arm 5.5.1/armtools/bin/../lib/gcc/arm-atollic-eabi/5.3.1/../../../../arm-atollic-eabi/lib/armv7e-m/softfp\libc_nano.a(lib_a-nano-freer.o)
__malloc_lock                                     c:/apps/atollic/truestudio for arm 5.5.1/armtools/bin/../lib/gcc/arm-atollic-eabi/5.3.1/../../../../arm-atollic-eabi/lib/armv7e-m/softfp\libc_nano.a(lib_a-mlock.o)
                                                  c:/apps/atollic/truestudio for arm 5.5.1/armtools/bin/../lib/gcc/arm-atollic-eabi/5.3.1/../../../../arm-atollic-eabi/lib/armv7e-m/softfp\libc_nano.a(lib_a-nano-mallocr.o)
                                                  c:/apps/atollic/truestudio for arm 5.5.1/armtools/bin/../lib/gcc/arm-atollic-eabi/5.3.1/../../../../arm-atollic-eabi/lib/armv7e-m/softfp\libc_nano.a(lib_a-nano-freer.o)
__malloc_sbrk_start                               c:/apps/atollic/truestudio for arm 5.5.1/armtools/bin/../lib/gcc/arm-atollic-eabi/5.3.1/../../../../arm-atollic-eabi/lib/armv7e-m/softfp\libc_nano.a(lib_a-nano-mallocr.o)
__malloc_unlock                                   c:/apps/atollic/truestudio for arm 5.5.1/armtools/bin/../lib/gcc/arm-atollic-eabi/5.3.1/../../../../arm-atollic-eabi/lib/armv7e-m/softfp\libc_nano.a(lib_a-mlock.o)
                                                  c:/apps/atollic/truestudio for arm 5.5.1/armtools/bin/../lib/gcc/arm-atollic-eabi/5.3.1/../../../../arm-atollic-eabi/lib/armv7e-m/softfp\libc_nano.a(lib_a-nano-mallocr.o)